Archive member included to satisfy reference by file (symbol)

C:\Users\Sachin\Documents\stm32_ide_projects\testing_addition\usb\Lib\libgrey_matter_bootloader.a(grey_matter_bootloader.o)
                              Core/Src/commands.o (BootAppImage)
c:/st/stm32cubeide_1.4.0/stm32cubeide/plugins/com.st.stm32cube.ide.mcu.externaltools.gnu-tools-for-stm32.7-2018-q2-update.win32_1.4.0.202007081208/tools/bin/../lib/gcc/arm-none-eabi/7.3.1/../../../../arm-none-eabi/lib/thumb/v7e-m/fpv4-sp/hard\libc_nano.a(lib_a-errno.o)
                              Core/Src/syscalls.o (__errno)
c:/st/stm32cubeide_1.4.0/stm32cubeide/plugins/com.st.stm32cube.ide.mcu.externaltools.gnu-tools-for-stm32.7-2018-q2-update.win32_1.4.0.202007081208/tools/bin/../lib/gcc/arm-none-eabi/7.3.1/../../../../arm-none-eabi/lib/thumb/v7e-m/fpv4-sp/hard\libc_nano.a(lib_a-exit.o)
                              c:/st/stm32cubeide_1.4.0/stm32cubeide/plugins/com.st.stm32cube.ide.mcu.externaltools.gnu-tools-for-stm32.7-2018-q2-update.win32_1.4.0.202007081208/tools/bin/../lib/gcc/arm-none-eabi/7.3.1/../../../../arm-none-eabi/lib/thumb/v7e-m/fpv4-sp/hard/crt0.o (exit)
c:/st/stm32cubeide_1.4.0/stm32cubeide/plugins/com.st.stm32cube.ide.mcu.externaltools.gnu-tools-for-stm32.7-2018-q2-update.win32_1.4.0.202007081208/tools/bin/../lib/gcc/arm-none-eabi/7.3.1/../../../../arm-none-eabi/lib/thumb/v7e-m/fpv4-sp/hard\libc_nano.a(lib_a-impure.o)
                              c:/st/stm32cubeide_1.4.0/stm32cubeide/plugins/com.st.stm32cube.ide.mcu.externaltools.gnu-tools-for-stm32.7-2018-q2-update.win32_1.4.0.202007081208/tools/bin/../lib/gcc/arm-none-eabi/7.3.1/../../../../arm-none-eabi/lib/thumb/v7e-m/fpv4-sp/hard\libc_nano.a(lib_a-exit.o) (_global_impure_ptr)
c:/st/stm32cubeide_1.4.0/stm32cubeide/plugins/com.st.stm32cube.ide.mcu.externaltools.gnu-tools-for-stm32.7-2018-q2-update.win32_1.4.0.202007081208/tools/bin/../lib/gcc/arm-none-eabi/7.3.1/../../../../arm-none-eabi/lib/thumb/v7e-m/fpv4-sp/hard\libc_nano.a(lib_a-init.o)
                              c:/st/stm32cubeide_1.4.0/stm32cubeide/plugins/com.st.stm32cube.ide.mcu.externaltools.gnu-tools-for-stm32.7-2018-q2-update.win32_1.4.0.202007081208/tools/bin/../lib/gcc/arm-none-eabi/7.3.1/../../../../arm-none-eabi/lib/thumb/v7e-m/fpv4-sp/hard/crt0.o (__libc_init_array)
c:/st/stm32cubeide_1.4.0/stm32cubeide/plugins/com.st.stm32cube.ide.mcu.externaltools.gnu-tools-for-stm32.7-2018-q2-update.win32_1.4.0.202007081208/tools/bin/../lib/gcc/arm-none-eabi/7.3.1/../../../../arm-none-eabi/lib/thumb/v7e-m/fpv4-sp/hard\libc_nano.a(lib_a-malloc.o)
                              Middlewares/ST/STM32_USB_Host_Library/Class/MSC/Src/usbh_msc.o (malloc)
c:/st/stm32cubeide_1.4.0/stm32cubeide/plugins/com.st.stm32cube.ide.mcu.externaltools.gnu-tools-for-stm32.7-2018-q2-update.win32_1.4.0.202007081208/tools/bin/../lib/gcc/arm-none-eabi/7.3.1/../../../../arm-none-eabi/lib/thumb/v7e-m/fpv4-sp/hard\libc_nano.a(lib_a-memcpy-stub.o)
                              Middlewares/ST/STM32_USB_Host_Library/Class/MSC/Src/usbh_msc.o (memcpy)
c:/st/stm32cubeide_1.4.0/stm32cubeide/plugins/com.st.stm32cube.ide.mcu.externaltools.gnu-tools-for-stm32.7-2018-q2-update.win32_1.4.0.202007081208/tools/bin/../lib/gcc/arm-none-eabi/7.3.1/../../../../arm-none-eabi/lib/thumb/v7e-m/fpv4-sp/hard\libc_nano.a(lib_a-memset.o)
                              c:/st/stm32cubeide_1.4.0/stm32cubeide/plugins/com.st.stm32cube.ide.mcu.externaltools.gnu-tools-for-stm32.7-2018-q2-update.win32_1.4.0.202007081208/tools/bin/../lib/gcc/arm-none-eabi/7.3.1/../../../../arm-none-eabi/lib/thumb/v7e-m/fpv4-sp/hard/crt0.o (memset)
c:/st/stm32cubeide_1.4.0/stm32cubeide/plugins/com.st.stm32cube.ide.mcu.externaltools.gnu-tools-for-stm32.7-2018-q2-update.win32_1.4.0.202007081208/tools/bin/../lib/gcc/arm-none-eabi/7.3.1/../../../../arm-none-eabi/lib/thumb/v7e-m/fpv4-sp/hard\libc_nano.a(lib_a-nano-freer.o)
                              c:/st/stm32cubeide_1.4.0/stm32cubeide/plugins/com.st.stm32cube.ide.mcu.externaltools.gnu-tools-for-stm32.7-2018-q2-update.win32_1.4.0.202007081208/tools/bin/../lib/gcc/arm-none-eabi/7.3.1/../../../../arm-none-eabi/lib/thumb/v7e-m/fpv4-sp/hard\libc_nano.a(lib_a-malloc.o) (_free_r)
c:/st/stm32cubeide_1.4.0/stm32cubeide/plugins/com.st.stm32cube.ide.mcu.externaltools.gnu-tools-for-stm32.7-2018-q2-update.win32_1.4.0.202007081208/tools/bin/../lib/gcc/arm-none-eabi/7.3.1/../../../../arm-none-eabi/lib/thumb/v7e-m/fpv4-sp/hard\libc_nano.a(lib_a-nano-mallocr.o)
                              c:/st/stm32cubeide_1.4.0/stm32cubeide/plugins/com.st.stm32cube.ide.mcu.externaltools.gnu-tools-for-stm32.7-2018-q2-update.win32_1.4.0.202007081208/tools/bin/../lib/gcc/arm-none-eabi/7.3.1/../../../../arm-none-eabi/lib/thumb/v7e-m/fpv4-sp/hard\libc_nano.a(lib_a-malloc.o) (_malloc_r)
[...]
Memory Configuration

Name             Origin             Length             Attributes
RAM              0x0000000020000000 0x0000000000040000 xrw
FLASH            0x0000000008000000 0x0000000000080000 xr
*default*        0x0000000000000000 0xffffffffffffffff

Linker script and memory map

LOAD c:/st/stm32cubeide_1.4.0/stm32cubeide/plugins/com.st.stm32cube.ide.mcu.externaltools.gnu-tools-for-stm32.7-2018-q2-update.win32_1.4.0.202007081208/tools/bin/../lib/gcc/arm-none-eabi/7.3.1/thumb/v7e-m/fpv4-sp/hard/crti.o
LOAD c:/st/stm32cubeide_1.4.0/stm32cubeide/plugins/com.st.stm32cube.ide.mcu.externaltools.gnu-tools-for-stm32.7-2018-q2-update.win32_1.4.0.202007081208/tools/bin/../lib/gcc/arm-none-eabi/7.3.1/thumb/v7e-m/fpv4-sp/hard/crtbegin.o
LOAD c:/st/stm32cubeide_1.4.0/stm32cubeide/plugins/com.st.stm32cube.ide.mcu.externaltools.gnu-tools-for-stm32.7-2018-q2-update.win32_1.4.0.202007081208/tools/bin/../lib/gcc/arm-none-eabi/7.3.1/../../../../arm-none-eabi/lib/thumb/v7e-m/fpv4-sp/hard/crt0.o
LOAD Core/Src/commands.o
LOAD Core/Src/flash_if.o
LOAD Core/Src/main.o
LOAD Core/Src/stm32f7xx_hal_msp.o
LOAD Core/Src/stm32f7xx_it.o
LOAD Core/Src/syscalls.o
LOAD Core/Src/sysmem.o
LOAD Core/Src/system_stm32f7xx.o
LOAD Core/Startup/startup_stm32f732vetx.o
LOAD Drivers/STM32F7xx_HAL_Driver/Src/stm32f7xx_hal.o
LOAD Drivers/STM32F7xx_HAL_Driver/Src/stm32f7xx_hal_cortex.o
LOAD Drivers/STM32F7xx_HAL_Driver/Src/stm32f7xx_hal_dma.o
LOAD Drivers/STM32F7xx_HAL_Driver/Src/stm32f7xx_hal_dma_ex.o
LOAD Drivers/STM32F7xx_HAL_Driver/Src/stm32f7xx_hal_exti.o
LOAD Drivers/STM32F7xx_HAL_Driver/Src/stm32f7xx_hal_flash.o
LOAD Drivers/STM32F7xx_HAL_Driver/Src/stm32f7xx_hal_flash_ex.o
LOAD Drivers/STM32F7xx_HAL_Driver/Src/stm32f7xx_hal_gpio.o
LOAD Drivers/STM32F7xx_HAL_Driver/Src/stm32f7xx_hal_hcd.o
LOAD Drivers/STM32F7xx_HAL_Driver/Src/stm32f7xx_hal_i2c.o
LOAD Drivers/STM32F7xx_HAL_Driver/Src/stm32f7xx_hal_i2c_ex.o
LOAD Drivers/STM32F7xx_HAL_Driver/Src/stm32f7xx_hal_pwr.o
LOAD Drivers/STM32F7xx_HAL_Driver/Src/stm32f7xx_hal_pwr_ex.o
LOAD Drivers/STM32F7xx_HAL_Driver/Src/stm32f7xx_hal_rcc.o
LOAD Drivers/STM32F7xx_HAL_Driver/Src/stm32f7xx_hal_rcc_ex.o
LOAD Drivers/STM32F7xx_HAL_Driver/Src/stm32f7xx_hal_tim.o
LOAD Drivers/STM32F7xx_HAL_Driver/Src/stm32f7xx_hal_tim_ex.o
LOAD Drivers/STM32F7xx_HAL_Driver/Src/stm32f7xx_hal_uart.o
LOAD Drivers/STM32F7xx_HAL_Driver/Src/stm32f7xx_hal_uart_ex.o
LOAD Drivers/STM32F7xx_HAL_Driver/Src/stm32f7xx_ll_usb.o
LOAD FATFS/App/fatfs.o
LOAD FATFS/Target/usbh_diskio.o
LOAD Middlewares/ST/STM32_USB_Host_Library/Class/MSC/Src/usbh_msc.o
LOAD Middlewares/ST/STM32_USB_Host_Library/Class/MSC/Src/usbh_msc_bot.o
LOAD Middlewares/ST/STM32_USB_Host_Library/Class/MSC/Src/usbh_msc_scsi.o
LOAD Middlewares/ST/STM32_USB_Host_Library/Core/Src/usbh_core.o
LOAD Middlewares/ST/STM32_USB_Host_Library/Core/Src/usbh_ctlreq.o
LOAD Middlewares/ST/STM32_USB_Host_Library/Core/Src/usbh_ioreq.o
LOAD Middlewares/ST/STM32_USB_Host_Library/Core/Src/usbh_pipes.o
LOAD Middlewares/Third_Party/FatFs/src/diskio.o
LOAD Middlewares/Third_Party/FatFs/src/ff.o
LOAD Middlewares/Third_Party/FatFs/src/ff_gen_drv.o
LOAD Middlewares/Third_Party/FatFs/src/option/syscall.o
LOAD USB_HOST/App/usb_host.o
LOAD USB_HOST/Target/usbh_conf.o
LOAD USB_HOST/Target/usbh_platform.o
LOAD C:\Users\Sachin\Documents\stm32_ide_projects\testing_addition\usb\Lib\libgrey_matter_bootloader.a
START GROUP
LOAD c:/st/stm32cubeide_1.4.0/stm32cubeide/plugins/com.st.stm32cube.ide.mcu.externaltools.gnu-tools-for-stm32.7-2018-q2-update.win32_1.4.0.202007081208/tools/bin/../lib/gcc/arm-none-eabi/7.3.1/../../../../arm-none-eabi/lib/thumb/v7e-m/fpv4-sp/hard\libc_nano.a
LOAD c:/st/stm32cubeide_1.4.0/stm32cubeide/plugins/com.st.stm32cube.ide.mcu.externaltools.gnu-tools-for-stm32.7-2018-q2-update.win32_1.4.0.202007081208/tools/bin/../lib/gcc/arm-none-eabi/7.3.1/../../../../arm-none-eabi/lib/thumb/v7e-m/fpv4-sp/hard\libm.a
END GROUP
START GROUP
LOAD c:/st/stm32cubeide_1.4.0/stm32cubeide/plugins/com.st.stm32cube.ide.mcu.externaltools.gnu-tools-for-stm32.7-2018-q2-update.win32_1.4.0.202007081208/tools/bin/../lib/gcc/arm-none-eabi/7.3.1/thumb/v7e-m/fpv4-sp/hard\libgcc.a
LOAD c:/st/stm32cubeide_1.4.0/stm32cubeide/plugins/com.st.stm32cube.ide.mcu.externaltools.gnu-tools-for-stm32.7-2018-q2-update.win32_1.4.0.202007081208/tools/bin/../lib/gcc/arm-none-eabi/7.3.1/../../../../arm-none-eabi/lib/thumb/v7e-m/fpv4-sp/hard\libc_nano.a
END GROUP
START GROUP
LOAD c:/st/stm32cubeide_1.4.0/stm32cubeide/plugins/com.st.stm32cube.ide.mcu.externaltools.gnu-tools-for-stm32.7-2018-q2-update.win32_1.4.0.202007081208/tools/bin/../lib/gcc/arm-none-eabi/7.3.1/thumb/v7e-m/fpv4-sp/hard\libgcc.a
LOAD c:/st/stm32cubeide_1.4.0/stm32cubeide/plugins/com.st.stm32cube.ide.mcu.externaltools.gnu-tools-for-stm32.7-2018-q2-update.win32_1.4.0.202007081208/tools/bin/../lib/gcc/arm-none-eabi/7.3.1/../../../../arm-none-eabi/lib/thumb/v7e-m/fpv4-sp/hard\libc_nano.a
LOAD c:/st/stm32cubeide_1.4.0/stm32cubeide/plugins/com.st.stm32cube.ide.mcu.externaltools.gnu-tools-for-stm32.7-2018-q2-update.win32_1.4.0.202007081208/tools/bin/../lib/gcc/arm-none-eabi/7.3.1/../../../../arm-none-eabi/lib/thumb/v7e-m/fpv4-sp/hard\libnosys.a
END GROUP
START GROUP
LOAD c:/st/stm32cubeide_1.4.0/stm32cubeide/plugins/com.st.stm32cube.ide.mcu.externaltools.gnu-tools-for-stm32.7-2018-q2-update.win32_1.4.0.202007081208/tools/bin/../lib/gcc/arm-none-eabi/7.3.1/thumb/v7e-m/fpv4-sp/hard\libgcc.a
LOAD c:/st/stm32cubeide_1.4.0/stm32cubeide/plugins/com.st.stm32cube.ide.mcu.externaltools.gnu-tools-for-stm32.7-2018-q2-update.win32_1.4.0.202007081208/tools/bin/../lib/gcc/arm-none-eabi/7.3.1/../../../../arm-none-eabi/lib/thumb/v7e-m/fpv4-sp/hard\libc_nano.a
LOAD c:/st/stm32cubeide_1.4.0/stm32cubeide/plugins/com.st.stm32cube.ide.mcu.externaltools.gnu-tools-for-stm32.7-2018-q2-update.win32_1.4.0.202007081208/tools/bin/../lib/gcc/arm-none-eabi/7.3.1/../../../../arm-none-eabi/lib/thumb/v7e-m/fpv4-sp/hard\libnosys.a
END GROUP
LOAD c:/st/stm32cubeide_1.4.0/stm32cubeide/plugins/com.st.stm32cube.ide.mcu.externaltools.gnu-tools-for-stm32.7-2018-q2-update.win32_1.4.0.202007081208/tools/bin/../lib/gcc/arm-none-eabi/7.3.1/thumb/v7e-m/fpv4-sp/hard/crtend.o
LOAD c:/st/stm32cubeide_1.4.0/stm32cubeide/plugins/com.st.stm32cube.ide.mcu.externaltools.gnu-tools-for-stm32.7-2018-q2-update.win32_1.4.0.202007081208/tools/bin/../lib/gcc/arm-none-eabi/7.3.1/thumb/v7e-m/fpv4-sp/hard/crtn.o
                0x0000000020040000                _estack = (ORIGIN (RAM) + LENGTH (RAM))
                0x0000000000000200                _Min_Heap_Size = 0x200
                0x0000000000000400                _Min_Stack_Size = 0x400

.isr_vector     0x0000000008000000      0x1e0
                0x0000000008000000                . = ALIGN (0x4)
 *(.isr_vector)
 .isr_vector    0x0000000008000000      0x1e0 Core/Startup/startup_stm32f732vetx.o
                0x0000000008000000                g_pfnVectors
                0x00000000080001e0                . = ALIGN (0x4)

.text           0x00000000080001e0     0xc60c
                0x00000000080001e0                . = ALIGN (0x4)
 *(.text)
 .text          0x00000000080001e0       0x40 c:/st/stm32cubeide_1.4.0/stm32cubeide/plugins/com.st.stm32cube.ide.mcu.externaltools.gnu-tools-for-stm32.7-2018-q2-update.win32_1.4.0.202007081208/tools/bin/../lib/gcc/arm-none-eabi/7.3.1/thumb/v7e-m/fpv4-sp/hard/crtbegin.o
 .text          0x0000000008000220       0xa0 c:/st/stm32cubeide_1.4.0/stm32cubeide/plugins/com.st.stm32cube.ide.mcu.externaltools.gnu-tools-for-stm32.7-2018-q2-update.win32_1.4.0.202007081208/tools/bin/../lib/gcc/arm-none-eabi/7.3.1/../../../../arm-none-eabi/lib/thumb/v7e-m/fpv4-sp/hard\libc_nano.a(lib_a-memchr.o)
                0x0000000008000220                memchr
 .text          0x00000000080002c0       0x30 c:/st/stm32cubeide_1.4.0/stm32cubeide/plugins/com.st.stm32cube.ide.mcu.externaltools.gnu-tools-for-stm32.7-2018-q2-update.win32_1.4.0.202007081208/tools/bin/../lib/gcc/arm-none-eabi/7.3.1/thumb/v7e-m/fpv4-sp/hard\libgcc.a(_aeabi_uldivmod.o)
                0x00000000080002c0                __aeabi_uldivmod
 .text          0x00000000080002f0      0x2cc c:/st/stm32cubeide_1.4.0/stm32cubeide/plugins/com.st.stm32cube.ide.mcu.externaltools.gnu-tools-for-stm32.7-2018-q2-update.win32_1.4.0.202007081208/tools/bin/../lib/gcc/arm-none-eabi/7.3.1/thumb/v7e-m/fpv4-sp/hard\libgcc.a(_udivmoddi4.o)
                0x00000000080002f0                __udivmoddi4
 .text          0x00000000080005bc        0x4 c:/st/stm32cubeide_1.4.0/stm32cubeide/plugins/com.st.stm32cube.ide.mcu.externaltools.gnu-tools-for-stm32.7-2018-q2-update.win32_1.4.0.202007081208/tools/bin/../lib/gcc/arm-none-eabi/7.3.1/thumb/v7e-m/fpv4-sp/hard\libgcc.a(_dvmd_tls.o)
                0x00000000080005bc                __aeabi_idiv0
                0x00000000080005bc                __aeabi_ldiv0
 *(.text*)
 .text.no_usb_detected
                0x00000000080005c0       0x30 Core/Src/commands.o
                0x00000000080005c0                no_usb_detected
 .text.COMMAND_PREPARE_USB
                0x00000000080005f0       0x28 Core/Src/commands.o
                0x00000000080005f0                COMMAND_PREPARE_USB
 .text.COMMAND_DOWNLOAD
                0x0000000008000618       0x88 Core/Src/commands.o
                0x0000000008000618                COMMAND_DOWNLOAD
 .text.COMMAND_ProgramFlashMemory
                0x00000000080006a0       0x54 Core/Src/commands.o
                0x00000000080006a0                COMMAND_ProgramFlashMemory
 .text.Erase_Flash
                0x00000000080006f4       0x46 Core/Src/flash_if.o
                0x00000000080006f4                Erase_Flash
 *fill*         0x000000000800073a        0x2 
 .text.Write_To_Flash
                0x000000000800073c       0x9c Core/Src/flash_if.o
                0x000000000800073c                Write_To_Flash
 .text.__io_putchar
                0x00000000080007d8       0x24 Core/Src/main.o
                0x00000000080007d8                __io_putchar
 .text.main     0x00000000080007fc       0x6c Core/Src/main.o
                0x00000000080007fc                main
 .text.SystemClock_Config
                0x0000000008000868      0x11c Core/Src/main.o
                0x0000000008000868                SystemClock_Config
 .text.MX_UART4_Init
                0x0000000008000984       0x60 Core/Src/main.o
 .text.MX_GPIO_Init
                0x00000000080009e4       0x7c Core/Src/main.o
 .text.USBEventHandler
                0x0000000008000a60       0x44 Core/Src/main.o
 .text.Error_Handler
                0x0000000008000aa4        0xe Core/Src/main.o
                0x0000000008000aa4                Error_Handler
 *fill*         0x0000000008000ab2        0x2 
 .text.HAL_MspInit
                0x0000000008000ab4       0x48 Core/Src/stm32f7xx_hal_msp.o
                0x0000000008000ab4                HAL_MspInit
 .text.HAL_UART_MspInit
                0x0000000008000afc       0x88 Core/Src/stm32f7xx_hal_msp.o
                0x0000000008000afc                HAL_UART_MspInit
 .text.NMI_Handler
                0x0000000008000b84        0xe Core/Src/stm32f7xx_it.o
                0x0000000008000b84                NMI_Handler
 .text.HardFault_Handler
                0x0000000008000b92        0x6 Core/Src/stm32f7xx_it.o
                0x0000000008000b92                HardFault_Handler
 .text.MemManage_Handler
                0x0000000008000b98        0x6 Core/Src/stm32f7xx_it.o
                0x0000000008000b98                MemManage_Handler
 .text.BusFault_Handler
                0x0000000008000b9e        0x6 Core/Src/stm32f7xx_it.o
                0x0000000008000b9e                BusFault_Handler
 .text.UsageFault_Handler
                0x0000000008000ba4        0x6 Core/Src/stm32f7xx_it.o
                0x0000000008000ba4                UsageFault_Handler
 .text.SVC_Handler
                0x0000000008000baa        0xe Core/Src/stm32f7xx_it.o
                0x0000000008000baa                SVC_Handler
 .text.DebugMon_Handler
                0x0000000008000bb8        0xe Core/Src/stm32f7xx_it.o
                0x0000000008000bb8                DebugMon_Handler
 .text.PendSV_Handler
                0x0000000008000bc6        0xe Core/Src/stm32f7xx_it.o
                0x0000000008000bc6                PendSV_Handler
 .text.SysTick_Handler
                0x0000000008000bd4       0x28 Core/Src/stm32f7xx_it.o
                0x0000000008000bd4                SysTick_Handler
 .text.OTG_FS_IRQHandler
                0x0000000008000bfc       0x14 Core/Src/stm32f7xx_it.o
                0x0000000008000bfc                OTG_FS_IRQHandler
 .text._read    0x0000000008000c10       0x3a Core/Src/syscalls.o
                0x0000000008000c10                _read
 .text._write   0x0000000008000c4a       0x38 Core/Src/syscalls.o
                0x0000000008000c4a                _write
 .text._close   0x0000000008000c82       0x18 Core/Src/syscalls.o
                0x0000000008000c82                _close
 .text._fstat   0x0000000008000c9a       0x20 Core/Src/syscalls.o
                0x0000000008000c9a                _fstat
 .text._isatty  0x0000000008000cba       0x16 Core/Src/syscalls.o
                0x0000000008000cba                _isatty
 .text._lseek   0x0000000008000cd0       0x1a Core/Src/syscalls.o
                0x0000000008000cd0                _lseek
 *fill*         0x0000000008000cea        0x2 
 .text._sbrk    0x0000000008000cec       0x6c Core/Src/sysmem.o
                0x0000000008000cec                _sbrk
 .text.SystemInit
                0x0000000008000d58       0x24 Core/Src/system_stm32f7xx.o
                0x0000000008000d58                SystemInit
 .text.Reset_Handler
                0x0000000008000d7c       0x50 Core/Startup/startup_stm32f732vetx.o
                0x0000000008000d7c                Reset_Handler
 .text.Default_Handler
                0x0000000008000dcc        0x2 Core/Startup/startup_stm32f732vetx.o
                0x0000000008000dcc                RTC_Alarm_IRQHandler
                0x0000000008000dcc                EXTI2_IRQHandler
                0x0000000008000dcc                TIM8_CC_IRQHandler
                0x0000000008000dcc                UART8_IRQHandler
                0x0000000008000dcc                SPI4_IRQHandler
                0x0000000008000dcc                TIM1_CC_IRQHandler
                0x0000000008000dcc                DMA2_Stream5_IRQHandler
                0x0000000008000dcc                DMA1_Stream5_IRQHandler
                0x0000000008000dcc                PVD_IRQHandler
                0x0000000008000dcc                TAMP_STAMP_IRQHandler
                0x0000000008000dcc                EXTI3_IRQHandler
                0x0000000008000dcc                TIM8_TRG_COM_TIM14_IRQHandler
                0x0000000008000dcc                TIM1_UP_TIM10_IRQHandler
                0x0000000008000dcc                TIM8_UP_TIM13_IRQHandler
                0x0000000008000dcc                I2C3_ER_IRQHandler
                0x0000000008000dcc                EXTI0_IRQHandler
                0x0000000008000dcc                I2C2_EV_IRQHandler
                0x0000000008000dcc                DMA1_Stream2_IRQHandler
                0x0000000008000dcc                CAN1_RX0_IRQHandler
                0x0000000008000dcc                FPU_IRQHandler
                0x0000000008000dcc                OTG_HS_WKUP_IRQHandler
                0x0000000008000dcc                DMA2_Stream2_IRQHandler
                0x0000000008000dcc                SPI1_IRQHandler
                0x0000000008000dcc                TIM6_DAC_IRQHandler
                0x0000000008000dcc                TIM1_BRK_TIM9_IRQHandler
                0x0000000008000dcc                DMA2_Stream3_IRQHandler
                0x0000000008000dcc                SAI2_IRQHandler
                0x0000000008000dcc                USART6_IRQHandler
                0x0000000008000dcc                USART3_IRQHandler
                0x0000000008000dcc                CAN1_RX1_IRQHandler
                0x0000000008000dcc                UART5_IRQHandler
                0x0000000008000dcc                DMA2_Stream0_IRQHandler
                0x0000000008000dcc                TIM4_IRQHandler
                0x0000000008000dcc                QUADSPI_IRQHandler
                0x0000000008000dcc                I2C1_EV_IRQHandler
                0x0000000008000dcc                DMA1_Stream6_IRQHandler
                0x0000000008000dcc                DMA1_Stream1_IRQHandler
                0x0000000008000dcc                UART4_IRQHandler
                0x0000000008000dcc                TIM3_IRQHandler
                0x0000000008000dcc                RCC_IRQHandler
                0x0000000008000dcc                TIM8_BRK_TIM12_IRQHandler
                0x0000000008000dcc                Default_Handler
                0x0000000008000dcc                EXTI15_10_IRQHandler
                0x0000000008000dcc                ADC_IRQHandler
                0x0000000008000dcc                DMA1_Stream7_IRQHandler
                0x0000000008000dcc                SPI5_IRQHandler
                0x0000000008000dcc                TIM7_IRQHandler
                0x0000000008000dcc                SDMMC1_IRQHandler
                0x0000000008000dcc                TIM5_IRQHandler
                0x0000000008000dcc                DMA2_Stream7_IRQHandler
                0x0000000008000dcc                I2C3_EV_IRQHandler
                0x0000000008000dcc                EXTI9_5_IRQHandler
                0x0000000008000dcc                RTC_WKUP_IRQHandler
                0x0000000008000dcc                SPI2_IRQHandler
                0x0000000008000dcc                OTG_HS_EP1_IN_IRQHandler
                0x0000000008000dcc                DMA1_Stream0_IRQHandler
                0x0000000008000dcc                CAN1_TX_IRQHandler
                0x0000000008000dcc                EXTI4_IRQHandler
                0x0000000008000dcc                RNG_IRQHandler
                0x0000000008000dcc                OTG_HS_EP1_OUT_IRQHandler
                0x0000000008000dcc                WWDG_IRQHandler
                0x0000000008000dcc                TIM2_IRQHandler
                0x0000000008000dcc                OTG_FS_WKUP_IRQHandler
                0x0000000008000dcc                TIM1_TRG_COM_TIM11_IRQHandler
                0x0000000008000dcc                OTG_HS_IRQHandler
                0x0000000008000dcc                EXTI1_IRQHandler
                0x0000000008000dcc                SDMMC2_IRQHandler
                0x0000000008000dcc                AES_IRQHandler
                0x0000000008000dcc                UART7_IRQHandler
                0x0000000008000dcc                USART2_IRQHandler
                0x0000000008000dcc                I2C2_ER_IRQHandler
                0x0000000008000dcc                DMA2_Stream1_IRQHandler
                0x0000000008000dcc                CAN1_SCE_IRQHandler
                0x0000000008000dcc                FLASH_IRQHandler
                0x0000000008000dcc                DMA2_Stream4_IRQHandler
                0x0000000008000dcc                USART1_IRQHandler
                0x0000000008000dcc                SPI3_IRQHandler
                0x0000000008000dcc                DMA1_Stream4_IRQHandler
                0x0000000008000dcc                I2C1_ER_IRQHandler
                0x0000000008000dcc                FMC_IRQHandler
                0x0000000008000dcc                LPTIM1_IRQHandler
                0x0000000008000dcc                DMA2_Stream6_IRQHandler
                0x0000000008000dcc                SAI1_IRQHandler
                0x0000000008000dcc                DMA1_Stream3_IRQHandler
 .text.HAL_Init
                0x0000000008000dce       0x1a Drivers/STM32F7xx_HAL_Driver/Src/stm32f7xx_hal.o
                0x0000000008000dce                HAL_Init
 .text.HAL_InitTick
                0x0000000008000de8       0x60 Drivers/STM32F7xx_HAL_Driver/Src/stm32f7xx_hal.o
                0x0000000008000de8                HAL_InitTick
 .text.HAL_IncTick
                0x0000000008000e48       0x28 Drivers/STM32F7xx_HAL_Driver/Src/stm32f7xx_hal.o
                0x0000000008000e48                HAL_IncTick
 .text.HAL_GetTick
                0x0000000008000e70       0x18 Drivers/STM32F7xx_HAL_Driver/Src/stm32f7xx_hal.o
                0x0000000008000e70                HAL_GetTick
 .text.HAL_Delay
                0x0000000008000e88       0x44 Drivers/STM32F7xx_HAL_Driver/Src/stm32f7xx_hal.o
                0x0000000008000e88                HAL_Delay
 .text.__NVIC_SetPriorityGrouping
                0x0000000008000ecc       0x48 Drivers/STM32F7xx_HAL_Driver/Src/stm32f7xx_hal_cortex.o
 .text.__NVIC_GetPriorityGrouping
                0x0000000008000f14       0x1c Drivers/STM32F7xx_HAL_Driver/Src/stm32f7xx_hal_cortex.o
 .text.__NVIC_EnableIRQ
                0x0000000008000f30       0x3c Drivers/STM32F7xx_HAL_Driver/Src/stm32f7xx_hal_cortex.o
 .text.__NVIC_SetPriority
                0x0000000008000f6c       0x54 Drivers/STM32F7xx_HAL_Driver/Src/stm32f7xx_hal_cortex.o
 .text.NVIC_EncodePriority
                0x0000000008000fc0       0x66 Drivers/STM32F7xx_HAL_Driver/Src/stm32f7xx_hal_cortex.o
 *fill*         0x0000000008001026        0x2 
 .text.SysTick_Config
                0x0000000008001028       0x44 Drivers/STM32F7xx_HAL_Driver/Src/stm32f7xx_hal_cortex.o
 .text.HAL_NVIC_SetPriorityGrouping
                0x000000000800106c       0x16 Drivers/STM32F7xx_HAL_Driver/Src/stm32f7xx_hal_cortex.o
                0x000000000800106c                HAL_NVIC_SetPriorityGrouping
 .text.HAL_NVIC_SetPriority
                0x0000000008001082       0x38 Drivers/STM32F7xx_HAL_Driver/Src/stm32f7xx_hal_cortex.o
                0x0000000008001082                HAL_NVIC_SetPriority
 .text.HAL_NVIC_EnableIRQ
                0x00000000080010ba       0x1c Drivers/STM32F7xx_HAL_Driver/Src/stm32f7xx_hal_cortex.o
                0x00000000080010ba                HAL_NVIC_EnableIRQ
 .text.HAL_SYSTICK_Config
                0x00000000080010d6       0x18 Drivers/STM32F7xx_HAL_Driver/Src/stm32f7xx_hal_cortex.o
                0x00000000080010d6                HAL_SYSTICK_Config
 *fill*         0x00000000080010ee        0x2 
 .text.HAL_FLASH_Program
                0x00000000080010f0       0xb8 Drivers/STM32F7xx_HAL_Driver/Src/stm32f7xx_hal_flash.o
                0x00000000080010f0                HAL_FLASH_Program
 .text.HAL_FLASH_Unlock
                0x00000000080011a8       0x44 Drivers/STM32F7xx_HAL_Driver/Src/stm32f7xx_hal_flash.o
                0x00000000080011a8                HAL_FLASH_Unlock
 .text.HAL_FLASH_Lock
                0x00000000080011ec       0x20 Drivers/STM32F7xx_HAL_Driver/Src/stm32f7xx_hal_flash.o
                0x00000000080011ec                HAL_FLASH_Lock
 .text.FLASH_WaitForLastOperation
                0x000000000800120c       0x80 Drivers/STM32F7xx_HAL_Driver/Src/stm32f7xx_hal_flash.o
                0x000000000800120c                FLASH_WaitForLastOperation
 .text.FLASH_Program_DoubleWord
                0x000000000800128c       0x64 Drivers/STM32F7xx_HAL_Driver/Src/stm32f7xx_hal_flash.o
 .text.FLASH_Program_Word
                0x00000000080012f0       0x48 Drivers/STM32F7xx_HAL_Driver/Src/stm32f7xx_hal_flash.o
 .text.FLASH_Program_HalfWord
                0x0000000008001338       0x4c Drivers/STM32F7xx_HAL_Driver/Src/stm32f7xx_hal_flash.o
 .text.FLASH_Program_Byte
                0x0000000008001384       0x48 Drivers/STM32F7xx_HAL_Driver/Src/stm32f7xx_hal_flash.o
 .text.FLASH_SetErrorCode
                0x00000000080013cc       0xb0 Drivers/STM32F7xx_HAL_Driver/Src/stm32f7xx_hal_flash.o
 .text.HAL_FLASHEx_Erase
                0x000000000800147c       0xd8 Drivers/STM32F7xx_HAL_Driver/Src/stm32f7xx_hal_flash_ex.o
                0x000000000800147c                HAL_FLASHEx_Erase
 .text.FLASH_MassErase
                0x0000000008001554       0x48 Drivers/STM32F7xx_HAL_Driver/Src/stm32f7xx_hal_flash_ex.o
 .text.FLASH_Erase_Sector
                0x000000000800159c       0x94 Drivers/STM32F7xx_HAL_Driver/Src/stm32f7xx_hal_flash_ex.o
                0x000000000800159c                FLASH_Erase_Sector
 .text.HAL_GPIO_Init
                0x0000000008001630      0x334 Drivers/STM32F7xx_HAL_Driver/Src/stm32f7xx_hal_gpio.o
                0x0000000008001630                HAL_GPIO_Init
 .text.HAL_GPIO_WritePin
                0x0000000008001964       0x32 Drivers/STM32F7xx_HAL_Driver/Src/stm32f7xx_hal_gpio.o
                0x0000000008001964                HAL_GPIO_WritePin
 .text.HAL_HCD_Init
                0x0000000008001996       0xc4 Drivers/STM32F7xx_HAL_Driver/Src/stm32f7xx_hal_hcd.o
                0x0000000008001996                HAL_HCD_Init
 .text.HAL_HCD_HC_Init
                0x0000000008001a5a      0x11e Drivers/STM32F7xx_HAL_Driver/Src/stm32f7xx_hal_hcd.o
                0x0000000008001a5a                HAL_HCD_HC_Init
 .text.HAL_HCD_HC_Halt
                0x0000000008001b78       0x46 Drivers/STM32F7xx_HAL_Driver/Src/stm32f7xx_hal_hcd.o
                0x0000000008001b78                HAL_HCD_HC_Halt
 *fill*         0x0000000008001bbe        0x2 
 .text.HAL_HCD_HC_SubmitRequest
                0x0000000008001bc0      0x2ac Drivers/STM32F7xx_HAL_Driver/Src/stm32f7xx_hal_hcd.o
                0x0000000008001bc0                HAL_HCD_HC_SubmitRequest
 .text.HAL_HCD_IRQHandler
                0x0000000008001e6c      0x208 Drivers/STM32F7xx_HAL_Driver/Src/stm32f7xx_hal_hcd.o
                0x0000000008001e6c                HAL_HCD_IRQHandler
 .text.HAL_HCD_Start
                0x0000000008002074       0x46 Drivers/STM32F7xx_HAL_Driver/Src/stm32f7xx_hal_hcd.o
                0x0000000008002074                HAL_HCD_Start
 .text.HAL_HCD_Stop
                0x00000000080020ba       0x3a Drivers/STM32F7xx_HAL_Driver/Src/stm32f7xx_hal_hcd.o
                0x00000000080020ba                HAL_HCD_Stop
 .text.HAL_HCD_ResetPort
                0x00000000080020f4       0x1c Drivers/STM32F7xx_HAL_Driver/Src/stm32f7xx_hal_hcd.o
                0x00000000080020f4                HAL_HCD_ResetPort
 .text.HAL_HCD_HC_GetURBState
                0x0000000008002110       0x28 Drivers/STM32F7xx_HAL_Driver/Src/stm32f7xx_hal_hcd.o
                0x0000000008002110                HAL_HCD_HC_GetURBState
 .text.HAL_HCD_HC_GetXferCount
                0x0000000008002138       0x28 Drivers/STM32F7xx_HAL_Driver/Src/stm32f7xx_hal_hcd.o
                0x0000000008002138                HAL_HCD_HC_GetXferCount
 .text.HAL_HCD_GetCurrentFrame
                0x0000000008002160       0x1c Drivers/STM32F7xx_HAL_Driver/Src/stm32f7xx_hal_hcd.o
                0x0000000008002160                HAL_HCD_GetCurrentFrame
 .text.HAL_HCD_GetCurrentSpeed
                0x000000000800217c       0x1c Drivers/STM32F7xx_HAL_Driver/Src/stm32f7xx_hal_hcd.o
                0x000000000800217c                HAL_HCD_GetCurrentSpeed
 .text.HCD_HC_IN_IRQHandler
                0x0000000008002198      0x84a Drivers/STM32F7xx_HAL_Driver/Src/stm32f7xx_hal_hcd.o
 .text.HCD_HC_OUT_IRQHandler
                0x00000000080029e2      0x7fe Drivers/STM32F7xx_HAL_Driver/Src/stm32f7xx_hal_hcd.o
 .text.HCD_RXQLVL_IRQHandler
                0x00000000080031e0      0x1a2 Drivers/STM32F7xx_HAL_Driver/Src/stm32f7xx_hal_hcd.o
 .text.HCD_Port_IRQHandler
                0x0000000008003382       0xe6 Drivers/STM32F7xx_HAL_Driver/Src/stm32f7xx_hal_hcd.o
 .text.HAL_RCC_DeInit
                0x0000000008003468      0x1c0 Drivers/STM32F7xx_HAL_Driver/Src/stm32f7xx_hal_rcc.o
                0x0000000008003468                HAL_RCC_DeInit
 .text.HAL_RCC_OscConfig
                0x0000000008003628      0x548 Drivers/STM32F7xx_HAL_Driver/Src/stm32f7xx_hal_rcc.o
                0x0000000008003628                HAL_RCC_OscConfig
 .text.HAL_RCC_ClockConfig
                0x0000000008003b70      0x1d8 Drivers/STM32F7xx_HAL_Driver/Src/stm32f7xx_hal_rcc.o
                0x0000000008003b70                HAL_RCC_ClockConfig
 .text.HAL_RCC_GetSysClockFreq
                0x0000000008003d48      0x164 Drivers/STM32F7xx_HAL_Driver/Src/stm32f7xx_hal_rcc.o
                0x0000000008003d48                HAL_RCC_GetSysClockFreq
 .text.HAL_RCC_GetHCLKFreq
                0x0000000008003eac       0x18 Drivers/STM32F7xx_HAL_Driver/Src/stm32f7xx_hal_rcc.o
                0x0000000008003eac                HAL_RCC_GetHCLKFreq
 .text.HAL_RCC_GetPCLK1Freq
                0x0000000008003ec4       0x28 Drivers/STM32F7xx_HAL_Driver/Src/stm32f7xx_hal_rcc.o
                0x0000000008003ec4                HAL_RCC_GetPCLK1Freq
 .text.HAL_RCC_GetPCLK2Freq
                0x0000000008003eec       0x28 Drivers/STM32F7xx_HAL_Driver/Src/stm32f7xx_hal_rcc.o
                0x0000000008003eec                HAL_RCC_GetPCLK2Freq
 .text.HAL_RCCEx_PeriphCLKConfig
                0x0000000008003f14      0x694 Drivers/STM32F7xx_HAL_Driver/Src/stm32f7xx_hal_rcc_ex.o
                0x0000000008003f14                HAL_RCCEx_PeriphCLKConfig
 .text.HAL_UART_Init
                0x00000000080045a8       0x9c Drivers/STM32F7xx_HAL_Driver/Src/stm32f7xx_hal_uart.o
                0x00000000080045a8                HAL_UART_Init
 .text.HAL_UART_Transmit
                0x0000000008004644      0x126 Drivers/STM32F7xx_HAL_Driver/Src/stm32f7xx_hal_uart.o
                0x0000000008004644                HAL_UART_Transmit
 *fill*         0x000000000800476a        0x2 
 .text.UART_SetConfig
                0x000000000800476c      0x4c0 Drivers/STM32F7xx_HAL_Driver/Src/stm32f7xx_hal_uart.o
                0x000000000800476c                UART_SetConfig
 .text.UART_AdvFeatureConfig
                0x0000000008004c2c      0x144 Drivers/STM32F7xx_HAL_Driver/Src/stm32f7xx_hal_uart.o
                0x0000000008004c2c                UART_AdvFeatureConfig
 .text.UART_CheckIdleState
                0x0000000008004d70       0x66 Drivers/STM32F7xx_HAL_Driver/Src/stm32f7xx_hal_uart.o
                0x0000000008004d70                UART_CheckIdleState
 .text.UART_WaitOnFlagUntilTimeout
                0x0000000008004dd6       0xf8 Drivers/STM32F7xx_HAL_Driver/Src/stm32f7xx_hal_uart.o
                0x0000000008004dd6                UART_WaitOnFlagUntilTimeout
 *fill*         0x0000000008004ece        0x2 
 .text.USB_CoreInit
                0x0000000008004ed0       0xbc Drivers/STM32F7xx_HAL_Driver/Src/stm32f7xx_ll_usb.o
                0x0000000008004ed0                USB_CoreInit
 .text.USB_EnableGlobalInt
                0x0000000008004f8c       0x22 Drivers/STM32F7xx_HAL_Driver/Src/stm32f7xx_ll_usb.o
                0x0000000008004f8c                USB_EnableGlobalInt
 .text.USB_DisableGlobalInt
                0x0000000008004fae       0x22 Drivers/STM32F7xx_HAL_Driver/Src/stm32f7xx_ll_usb.o
                0x0000000008004fae                USB_DisableGlobalInt
 .text.USB_SetCurrentMode
                0x0000000008004fd0       0x54 Drivers/STM32F7xx_HAL_Driver/Src/stm32f7xx_ll_usb.o
                0x0000000008004fd0                USB_SetCurrentMode
 .text.USB_FlushTxFifo
                0x0000000008005024       0x4c Drivers/STM32F7xx_HAL_Driver/Src/stm32f7xx_ll_usb.o
                0x0000000008005024                USB_FlushTxFifo
 .text.USB_FlushRxFifo
                0x0000000008005070       0x44 Drivers/STM32F7xx_HAL_Driver/Src/stm32f7xx_ll_usb.o
                0x0000000008005070                USB_FlushRxFifo
 .text.USB_WritePacket
                0x00000000080050b4       0x6a Drivers/STM32F7xx_HAL_Driver/Src/stm32f7xx_ll_usb.o
                0x00000000080050b4                USB_WritePacket
 .text.USB_ReadPacket
                0x000000000800511e       0x52 Drivers/STM32F7xx_HAL_Driver/Src/stm32f7xx_ll_usb.o
                0x000000000800511e                USB_ReadPacket
 .text.USB_ReadInterrupts
                0x0000000008005170       0x26 Drivers/STM32F7xx_HAL_Driver/Src/stm32f7xx_ll_usb.o
                0x0000000008005170                USB_ReadInterrupts
 .text.USB_GetMode
                0x0000000008005196       0x1c Drivers/STM32F7xx_HAL_Driver/Src/stm32f7xx_ll_usb.o
                0x0000000008005196                USB_GetMode
 *fill*         0x00000000080051b2        0x2 
 .text.USB_CoreReset
                0x00000000080051b4       0x68 Drivers/STM32F7xx_HAL_Driver/Src/stm32f7xx_ll_usb.o
 .text.USB_HostInit
                0x000000000800521c      0x160 Drivers/STM32F7xx_HAL_Driver/Src/stm32f7xx_ll_usb.o
                0x000000000800521c                USB_HostInit
 .text.USB_InitFSLSPClkSel
                0x000000000800537c       0x74 Drivers/STM32F7xx_HAL_Driver/Src/stm32f7xx_ll_usb.o
                0x000000000800537c                USB_InitFSLSPClkSel
 .text.USB_ResetPort
                0x00000000080053f0       0x54 Drivers/STM32F7xx_HAL_Driver/Src/stm32f7xx_ll_usb.o
                0x00000000080053f0                USB_ResetPort
 .text.USB_DriveVbus
                0x0000000008005444       0x72 Drivers/STM32F7xx_HAL_Driver/Src/stm32f7xx_ll_usb.o
                0x0000000008005444                USB_DriveVbus
 .text.USB_GetHostSpeed
                0x00000000080054b6       0x2e Drivers/STM32F7xx_HAL_Driver/Src/stm32f7xx_ll_usb.o
                0x00000000080054b6                USB_GetHostSpeed
 .text.USB_GetCurrentFrame
                0x00000000080054e4       0x22 Drivers/STM32F7xx_HAL_Driver/Src/stm32f7xx_ll_usb.o
                0x00000000080054e4                USB_GetCurrentFrame
 *fill*         0x0000000008005506        0x2 
 .text.USB_HC_Init
                0x0000000008005508      0x21c Drivers/STM32F7xx_HAL_Driver/Src/stm32f7xx_ll_usb.o
                0x0000000008005508                USB_HC_Init
 .text.USB_HC_StartXfer
                0x0000000008005724      0x288 Drivers/STM32F7xx_HAL_Driver/Src/stm32f7xx_ll_usb.o
                0x0000000008005724                USB_HC_StartXfer
 .text.USB_HC_ReadInterrupt
                0x00000000080059ac       0x22 Drivers/STM32F7xx_HAL_Driver/Src/stm32f7xx_ll_usb.o
                0x00000000080059ac                USB_HC_ReadInterrupt
 .text.USB_HC_Halt
                0x00000000080059ce      0x238 Drivers/STM32F7xx_HAL_Driver/Src/stm32f7xx_ll_usb.o
                0x00000000080059ce                USB_HC_Halt
 *fill*         0x0000000008005c06        0x2 
 .text.USB_DoPing
                0x0000000008005c08       0x78 Drivers/STM32F7xx_HAL_Driver/Src/stm32f7xx_ll_usb.o
                0x0000000008005c08                USB_DoPing
 .text.USB_StopHost
                0x0000000008005c80      0x10c Drivers/STM32F7xx_HAL_Driver/Src/stm32f7xx_ll_usb.o
                0x0000000008005c80                USB_StopHost
 .text.MX_FATFS_Init
                0x0000000008005d8c       0x24 FATFS/App/fatfs.o
                0x0000000008005d8c                MX_FATFS_Init
 .text.get_fattime
                0x0000000008005db0       0x10 FATFS/App/fatfs.o
                0x0000000008005db0                get_fattime
 .text.USBH_initialize
                0x0000000008005dc0       0x18 FATFS/Target/usbh_diskio.o
                0x0000000008005dc0                USBH_initialize
 .text.USBH_status
                0x0000000008005dd8       0x38 FATFS/Target/usbh_diskio.o
                0x0000000008005dd8                USBH_status
 .text.USBH_read
                0x0000000008005e10       0x70 FATFS/Target/usbh_diskio.o
                0x0000000008005e10                USBH_read
 .text.USBH_write
                0x0000000008005e80       0x84 FATFS/Target/usbh_diskio.o
                0x0000000008005e80                USBH_write
 .text.USBH_ioctl
                0x0000000008005f04       0xd8 FATFS/Target/usbh_diskio.o
                0x0000000008005f04                USBH_ioctl
 .text.USBH_MSC_InterfaceInit
                0x0000000008005fdc      0x216 Middlewares/ST/STM32_USB_Host_Library/Class/MSC/Src/usbh_msc.o
 .text.USBH_MSC_InterfaceDeInit
                0x00000000080061f2       0x8c Middlewares/ST/STM32_USB_Host_Library/Class/MSC/Src/usbh_msc.o
 .text.USBH_MSC_ClassRequest
                0x000000000800627e       0xc8 Middlewares/ST/STM32_USB_Host_Library/Class/MSC/Src/usbh_msc.o
 *fill*         0x0000000008006346        0x2 
 .text.USBH_MSC_Process
                0x0000000008006348      0x520 Middlewares/ST/STM32_USB_Host_Library/Class/MSC/Src/usbh_msc.o
 .text.USBH_MSC_SOFProcess
                0x0000000008006868       0x16 Middlewares/ST/STM32_USB_Host_Library/Class/MSC/Src/usbh_msc.o
 .text.USBH_MSC_RdWrProcess
                0x000000000800687e      0x194 Middlewares/ST/STM32_USB_Host_Library/Class/MSC/Src/usbh_msc.o
 .text.USBH_MSC_UnitIsReady
                0x0000000008006a12       0x4c Middlewares/ST/STM32_USB_Host_Library/Class/MSC/Src/usbh_msc.o
                0x0000000008006a12                USBH_MSC_UnitIsReady
 .text.USBH_MSC_GetLUNInfo
                0x0000000008006a5e       0x48 Middlewares/ST/STM32_USB_Host_Library/Class/MSC/Src/usbh_msc.o
                0x0000000008006a5e                USBH_MSC_GetLUNInfo
 .text.USBH_MSC_Read
                0x0000000008006aa6       0xd2 Middlewares/ST/STM32_USB_Host_Library/Class/MSC/Src/usbh_msc.o
                0x0000000008006aa6                USBH_MSC_Read
 .text.USBH_MSC_Write
                0x0000000008006b78       0xd2 Middlewares/ST/STM32_USB_Host_Library/Class/MSC/Src/usbh_msc.o
                0x0000000008006b78                USBH_MSC_Write
 .text.USBH_MSC_BOT_REQ_Reset
                0x0000000008006c4a       0x3a Middlewares/ST/STM32_USB_Host_Library/Class/MSC/Src/usbh_msc_bot.o
                0x0000000008006c4a                USBH_MSC_BOT_REQ_Reset
 .text.USBH_MSC_BOT_REQ_GetMaxLUN
                0x0000000008006c84       0x3c Middlewares/ST/STM32_USB_Host_Library/Class/MSC/Src/usbh_msc_bot.o
                0x0000000008006c84                USBH_MSC_BOT_REQ_GetMaxLUN
 .text.USBH_MSC_BOT_Init
                0x0000000008006cc0       0x44 Middlewares/ST/STM32_USB_Host_Library/Class/MSC/Src/usbh_msc_bot.o
                0x0000000008006cc0                USBH_MSC_BOT_Init
 .text.USBH_MSC_BOT_Process
                0x0000000008006d04      0x3a4 Middlewares/ST/STM32_USB_Host_Library/Class/MSC/Src/usbh_msc_bot.o
                0x0000000008006d04                USBH_MSC_BOT_Process
 .text.USBH_MSC_BOT_Abort
                0x00000000080070a8       0x58 Middlewares/ST/STM32_USB_Host_Library/Class/MSC/Src/usbh_msc_bot.o
 .text.USBH_MSC_DecodeCSW
                0x0000000008007100       0x88 Middlewares/ST/STM32_USB_Host_Library/Class/MSC/Src/usbh_msc_bot.o
 .text.USBH_MSC_SCSI_TestUnitReady
                0x0000000008007188       0x86 Middlewares/ST/STM32_USB_Host_Library/Class/MSC/Src/usbh_msc_scsi.o
                0x0000000008007188                USBH_MSC_SCSI_TestUnitReady
 .text.USBH_MSC_SCSI_ReadCapacity
                0x000000000800720e       0xf6 Middlewares/ST/STM32_USB_Host_Library/Class/MSC/Src/usbh_msc_scsi.o
                0x000000000800720e                USBH_MSC_SCSI_ReadCapacity
 .text.USBH_MSC_SCSI_Inquiry
                0x0000000008007304      0x14a Middlewares/ST/STM32_USB_Host_Library/Class/MSC/Src/usbh_msc_scsi.o
                0x0000000008007304                USBH_MSC_SCSI_Inquiry
 .text.USBH_MSC_SCSI_RequestSense
                0x000000000800744e       0xf2 Middlewares/ST/STM32_USB_Host_Library/Class/MSC/Src/usbh_msc_scsi.o
                0x000000000800744e                USBH_MSC_SCSI_RequestSense
 .text.USBH_MSC_SCSI_Write
                0x0000000008007540       0xd6 Middlewares/ST/STM32_USB_Host_Library/Class/MSC/Src/usbh_msc_scsi.o
                0x0000000008007540                USBH_MSC_SCSI_Write
 .text.USBH_MSC_SCSI_Read
                0x0000000008007616       0xd6 Middlewares/ST/STM32_USB_Host_Library/Class/MSC/Src/usbh_msc_scsi.o
                0x0000000008007616                USBH_MSC_SCSI_Read
 .text.USBH_Init
                0x00000000080076ec       0x74 Middlewares/ST/STM32_USB_Host_Library/Core/Src/usbh_core.o
                0x00000000080076ec                USBH_Init
 .text.DeInitStateMachine
                0x0000000008007760       0xa8 Middlewares/ST/STM32_USB_Host_Library/Core/Src/usbh_core.o
 .text.USBH_RegisterClass
                0x0000000008007808       0x54 Middlewares/ST/STM32_USB_Host_Library/Core/Src/usbh_core.o
                0x0000000008007808                USBH_RegisterClass
 .text.USBH_SelectInterface
                0x000000000800785c       0x38 Middlewares/ST/STM32_USB_Host_Library/Core/Src/usbh_core.o
                0x000000000800785c                USBH_SelectInterface
 .text.USBH_FindInterface
                0x0000000008007894       0x8c Middlewares/ST/STM32_USB_Host_Library/Core/Src/usbh_core.o
                0x0000000008007894                USBH_FindInterface
 .text.USBH_Start
                0x0000000008007920       0x20 Middlewares/ST/STM32_USB_Host_Library/Core/Src/usbh_core.o
                0x0000000008007920                USBH_Start
 .text.USBH_Process
                0x0000000008007940      0x3c0 Middlewares/ST/STM32_USB_Host_Library/Core/Src/usbh_core.o
                0x0000000008007940                USBH_Process
 .text.USBH_HandleEnum
                0x0000000008007d00      0x3c8 Middlewares/ST/STM32_USB_Host_Library/Core/Src/usbh_core.o
 .text.USBH_LL_SetTimer
                0x00000000080080c8       0x1e Middlewares/ST/STM32_USB_Host_Library/Core/Src/usbh_core.o
                0x00000000080080c8                USBH_LL_SetTimer
 .text.USBH_LL_IncTimer
                0x00000000080080e6       0x24 Middlewares/ST/STM32_USB_Host_Library/Core/Src/usbh_core.o
                0x00000000080080e6                USBH_LL_IncTimer
 .text.USBH_HandleSof
                0x000000000800810a       0x30 Middlewares/ST/STM32_USB_Host_Library/Core/Src/usbh_core.o
 .text.USBH_LL_PortEnabled
                0x000000000800813a       0x1c Middlewares/ST/STM32_USB_Host_Library/Core/Src/usbh_core.o
                0x000000000800813a                USBH_LL_PortEnabled
 .text.USBH_LL_PortDisabled
                0x0000000008008156       0x1c Middlewares/ST/STM32_USB_Host_Library/Core/Src/usbh_core.o
                0x0000000008008156                USBH_LL_PortDisabled
 .text.USBH_LL_Connect
                0x0000000008008172       0x2e Middlewares/ST/STM32_USB_Host_Library/Core/Src/usbh_core.o
                0x0000000008008172                USBH_LL_Connect
 .text.USBH_LL_Disconnect
                0x00000000080081a0       0x48 Middlewares/ST/STM32_USB_Host_Library/Core/Src/usbh_core.o
                0x00000000080081a0                USBH_LL_Disconnect
 .text.USBH_Get_DevDesc
                0x00000000080081e8       0x50 Middlewares/ST/STM32_USB_Host_Library/Core/Src/usbh_ctlreq.o
                0x00000000080081e8                USBH_Get_DevDesc
 .text.USBH_Get_CfgDesc
                0x0000000008008238       0x48 Middlewares/ST/STM32_USB_Host_Library/Core/Src/usbh_ctlreq.o
                0x0000000008008238                USBH_Get_CfgDesc
 .text.USBH_Get_StringDesc
                0x0000000008008280       0x56 Middlewares/ST/STM32_USB_Host_Library/Core/Src/usbh_ctlreq.o
                0x0000000008008280                USBH_Get_StringDesc
 .text.USBH_GetDescriptor
                0x00000000080082d6       0x6a Middlewares/ST/STM32_USB_Host_Library/Core/Src/usbh_ctlreq.o
                0x00000000080082d6                USBH_GetDescriptor
 .text.USBH_SetAddress
                0x0000000008008340       0x48 Middlewares/ST/STM32_USB_Host_Library/Core/Src/usbh_ctlreq.o
                0x0000000008008340                USBH_SetAddress
 .text.USBH_SetCfg
                0x0000000008008388       0x46 Middlewares/ST/STM32_USB_Host_Library/Core/Src/usbh_ctlreq.o
                0x0000000008008388                USBH_SetCfg
 .text.USBH_SetFeature
                0x00000000080083ce       0x48 Middlewares/ST/STM32_USB_Host_Library/Core/Src/usbh_ctlreq.o
                0x00000000080083ce                USBH_SetFeature
 .text.USBH_ClrFeature
                0x0000000008008416       0x48 Middlewares/ST/STM32_USB_Host_Library/Core/Src/usbh_ctlreq.o
                0x0000000008008416                USBH_ClrFeature
 .text.USBH_ParseDevDesc
                0x000000000800845e       0xe0 Middlewares/ST/STM32_USB_Host_Library/Core/Src/usbh_ctlreq.o
 .text.USBH_ParseCfgDesc
                0x000000000800853e      0x144 Middlewares/ST/STM32_USB_Host_Library/Core/Src/usbh_ctlreq.o
 .text.USBH_ParseInterfaceDesc
                0x0000000008008682       0x5e Middlewares/ST/STM32_USB_Host_Library/Core/Src/usbh_ctlreq.o
 .text.USBH_ParseEPDesc
                0x00000000080086e0       0x5a Middlewares/ST/STM32_USB_Host_Library/Core/Src/usbh_ctlreq.o
 .text.USBH_ParseStringDesc
                0x000000000800873a       0x66 Middlewares/ST/STM32_USB_Host_Library/Core/Src/usbh_ctlreq.o
 .text.USBH_GetNextDesc
                0x00000000080087a0       0x36 Middlewares/ST/STM32_USB_Host_Library/Core/Src/usbh_ctlreq.o
                0x00000000080087a0                USBH_GetNextDesc
 .text.USBH_CtlReq
                0x00000000080087d6       0x7a Middlewares/ST/STM32_USB_Host_Library/Core/Src/usbh_ctlreq.o
                0x00000000080087d6                USBH_CtlReq
 .text.USBH_HandleControl
                0x0000000008008850      0x2ec Middlewares/ST/STM32_USB_Host_Library/Core/Src/usbh_ctlreq.o
 .text.USBH_CtlSendSetup
                0x0000000008008b3c       0x34 Middlewares/ST/STM32_USB_Host_Library/Core/Src/usbh_ioreq.o
                0x0000000008008b3c                USBH_CtlSendSetup
 .text.USBH_CtlSendData
                0x0000000008008b70       0x4a Middlewares/ST/STM32_USB_Host_Library/Core/Src/usbh_ioreq.o
                0x0000000008008b70                USBH_CtlSendData
 .text.USBH_CtlReceiveData
                0x0000000008008bba       0x3c Middlewares/ST/STM32_USB_Host_Library/Core/Src/usbh_ioreq.o
                0x0000000008008bba                USBH_CtlReceiveData
 .text.USBH_BulkSendData
                0x0000000008008bf6       0x4a Middlewares/ST/STM32_USB_Host_Library/Core/Src/usbh_ioreq.o
                0x0000000008008bf6                USBH_BulkSendData
 .text.USBH_BulkReceiveData
                0x0000000008008c40       0x3c Middlewares/ST/STM32_USB_Host_Library/Core/Src/usbh_ioreq.o
                0x0000000008008c40                USBH_BulkReceiveData
 .text.USBH_OpenPipe
                0x0000000008008c7c       0x3e Middlewares/ST/STM32_USB_Host_Library/Core/Src/usbh_pipes.o
                0x0000000008008c7c                USBH_OpenPipe
 .text.USBH_ClosePipe
                0x0000000008008cba       0x20 Middlewares/ST/STM32_USB_Host_Library/Core/Src/usbh_pipes.o
                0x0000000008008cba                USBH_ClosePipe
 .text.USBH_AllocPipe
                0x0000000008008cda       0x42 Middlewares/ST/STM32_USB_Host_Library/Core/Src/usbh_pipes.o
                0x0000000008008cda                USBH_AllocPipe
 .text.USBH_FreePipe
                0x0000000008008d1c       0x3c Middlewares/ST/STM32_USB_Host_Library/Core/Src/usbh_pipes.o
                0x0000000008008d1c                USBH_FreePipe
 .text.USBH_GetFreePipe
                0x0000000008008d58       0x48 Middlewares/ST/STM32_USB_Host_Library/Core/Src/usbh_pipes.o
 .text.disk_status
                0x0000000008008da0       0x34 Middlewares/Third_Party/FatFs/src/diskio.o
                0x0000000008008da0                disk_status
 .text.disk_initialize
                0x0000000008008dd4       0x4c Middlewares/Third_Party/FatFs/src/diskio.o
                0x0000000008008dd4                disk_initialize
 .text.disk_read
                0x0000000008008e20       0x40 Middlewares/Third_Party/FatFs/src/diskio.o
                0x0000000008008e20                disk_read
 .text.disk_write
                0x0000000008008e60       0x40 Middlewares/Third_Party/FatFs/src/diskio.o
                0x0000000008008e60                disk_write
 .text.disk_ioctl
                0x0000000008008ea0       0x3c Middlewares/Third_Party/FatFs/src/diskio.o
                0x0000000008008ea0                disk_ioctl
 .text.ld_word  0x0000000008008edc       0x30 Middlewares/Third_Party/FatFs/src/ff.o
 .text.ld_dword
                0x0000000008008f0c       0x46 Middlewares/Third_Party/FatFs/src/ff.o
 .text.st_word  0x0000000008008f52       0x36 Middlewares/Third_Party/FatFs/src/ff.o
 .text.st_dword
                0x0000000008008f88       0x58 Middlewares/Third_Party/FatFs/src/ff.o
 .text.mem_cpy  0x0000000008008fe0       0x42 Middlewares/Third_Party/FatFs/src/ff.o
 .text.mem_set  0x0000000008009022       0x34 Middlewares/Third_Party/FatFs/src/ff.o
 .text.mem_cmp  0x0000000008009056       0x4e Middlewares/Third_Party/FatFs/src/ff.o
 .text.chk_chr  0x00000000080090a4       0x36 Middlewares/Third_Party/FatFs/src/ff.o
 *fill*         0x00000000080090da        0x2 
 .text.chk_lock
                0x00000000080090dc       0xb8 Middlewares/Third_Party/FatFs/src/ff.o
 .text.enq_lock
                0x0000000008009194       0x44 Middlewares/Third_Party/FatFs/src/ff.o
 .text.inc_lock
                0x00000000080091d8      0x11c Middlewares/Third_Party/FatFs/src/ff.o
 .text.dec_lock
                0x00000000080092f4       0x78 Middlewares/Third_Party/FatFs/src/ff.o
 .text.clear_lock
                0x000000000800936c       0x48 Middlewares/Third_Party/FatFs/src/ff.o
 .text.sync_window
                0x00000000080093b4       0x88 Middlewares/Third_Party/FatFs/src/ff.o
 .text.move_window
                0x000000000800943c       0x5a Middlewares/Third_Party/FatFs/src/ff.o
 *fill*         0x0000000008009496        0x2 
 .text.sync_fs  0x0000000008009498       0xdc Middlewares/Third_Party/FatFs/src/ff.o
 .text.clust2sect
                0x0000000008009574       0x3e Middlewares/Third_Party/FatFs/src/ff.o
 .text.get_fat  0x00000000080095b2      0x14a Middlewares/Third_Party/FatFs/src/ff.o
 .text.put_fat  0x00000000080096fc      0x1ce Middlewares/Third_Party/FatFs/src/ff.o
 .text.remove_chain
                0x00000000080098ca       0xca Middlewares/Third_Party/FatFs/src/ff.o
 .text.create_chain
                0x0000000008009994      0x130 Middlewares/Third_Party/FatFs/src/ff.o
 .text.clmt_clust
                0x0000000008009ac4       0x68 Middlewares/Third_Party/FatFs/src/ff.o
 .text.dir_sdi  0x0000000008009b2c       0xf6 Middlewares/Third_Party/FatFs/src/ff.o
 .text.dir_next
                0x0000000008009c22      0x18a Middlewares/Third_Party/FatFs/src/ff.o
 .text.dir_alloc
                0x0000000008009dac       0x8e Middlewares/Third_Party/FatFs/src/ff.o
 .text.ld_clust
                0x0000000008009e3a       0x3e Middlewares/Third_Party/FatFs/src/ff.o
 .text.st_clust
                0x0000000008009e78       0x40 Middlewares/Third_Party/FatFs/src/ff.o
 .text.dir_find
                0x0000000008009eb8       0xaa Middlewares/Third_Party/FatFs/src/ff.o
 .text.dir_register
                0x0000000008009f62       0x64 Middlewares/Third_Party/FatFs/src/ff.o
 .text.get_fileinfo
                0x0000000008009fc6       0xbe Middlewares/Third_Party/FatFs/src/ff.o
 .text.create_name
                0x000000000800a084      0x128 Middlewares/Third_Party/FatFs/src/ff.o
 .text.follow_path
                0x000000000800a1ac       0xe2 Middlewares/Third_Party/FatFs/src/ff.o
 .text.get_ldnumber
                0x000000000800a28e       0x88 Middlewares/Third_Party/FatFs/src/ff.o
 *fill*         0x000000000800a316        0x2 
 .text.check_fs
                0x000000000800a318       0xac Middlewares/Third_Party/FatFs/src/ff.o
 .text.find_volume
                0x000000000800a3c4      0x498 Middlewares/Third_Party/FatFs/src/ff.o
 .text.validate
                0x000000000800a85c       0x6a Middlewares/Third_Party/FatFs/src/ff.o
 *fill*         0x000000000800a8c6        0x2 
 .text.f_mount  0x000000000800a8c8       0x8c Middlewares/Third_Party/FatFs/src/ff.o
                0x000000000800a8c8                f_mount
 .text.f_open   0x000000000800a954      0x37c Middlewares/Third_Party/FatFs/src/ff.o
                0x000000000800a954                f_open
 .text.f_read   0x000000000800acd0      0x27e Middlewares/Third_Party/FatFs/src/ff.o
                0x000000000800acd0                f_read
 .text.f_sync   0x000000000800af4e       0xfc Middlewares/Third_Party/FatFs/src/ff.o
                0x000000000800af4e                f_sync
 .text.f_close  0x000000000800b04a       0x54 Middlewares/Third_Party/FatFs/src/ff.o
                0x000000000800b04a                f_close
 .text.f_stat   0x000000000800b09e       0x72 Middlewares/Third_Party/FatFs/src/ff.o
                0x000000000800b09e                f_stat
 .text.FATFS_LinkDriverEx
                0x000000000800b110       0x98 Middlewares/Third_Party/FatFs/src/ff_gen_drv.o
                0x000000000800b110                FATFS_LinkDriverEx
 .text.FATFS_LinkDriver
                0x000000000800b1a8       0x1e Middlewares/Third_Party/FatFs/src/ff_gen_drv.o
                0x000000000800b1a8                FATFS_LinkDriver
 *fill*         0x000000000800b1c6        0x2 
 .text.MX_USB_HOST_Init
                0x000000000800b1c8       0x4c USB_HOST/App/usb_host.o
                0x000000000800b1c8                MX_USB_HOST_Init
 .text.MX_USB_HOST_Process
                0x000000000800b214       0x14 USB_HOST/App/usb_host.o
                0x000000000800b214                MX_USB_HOST_Process
 .text.USBH_UserProcess
                0x000000000800b228       0x5c USB_HOST/App/usb_host.o
 .text.HAL_HCD_MspInit
                0x000000000800b284       0xac USB_HOST/Target/usbh_conf.o
                0x000000000800b284                HAL_HCD_MspInit
 .text.HAL_HCD_SOF_Callback
                0x000000000800b330       0x1c USB_HOST/Target/usbh_conf.o
                0x000000000800b330                HAL_HCD_SOF_Callback
 .text.HAL_HCD_Connect_Callback
                0x000000000800b34c       0x1c USB_HOST/Target/usbh_conf.o
                0x000000000800b34c                HAL_HCD_Connect_Callback
 .text.HAL_HCD_Disconnect_Callback
                0x000000000800b368       0x1c USB_HOST/Target/usbh_conf.o
                0x000000000800b368                HAL_HCD_Disconnect_Callback
 .text.HAL_HCD_HC_NotifyURBChange_Callback
                0x000000000800b384       0x1c USB_HOST/Target/usbh_conf.o
                0x000000000800b384                HAL_HCD_HC_NotifyURBChange_Callback
 .text.HAL_HCD_PortEnabled_Callback
                0x000000000800b3a0       0x1c USB_HOST/Target/usbh_conf.o
                0x000000000800b3a0                HAL_HCD_PortEnabled_Callback
 .text.HAL_HCD_PortDisabled_Callback
                0x000000000800b3bc       0x1c USB_HOST/Target/usbh_conf.o
                0x000000000800b3bc                HAL_HCD_PortDisabled_Callback
 .text.USBH_LL_Init
                0x000000000800b3d8       0x7c USB_HOST/Target/usbh_conf.o
                0x000000000800b3d8                USBH_LL_Init
 .text.USBH_LL_Start
                0x000000000800b454       0x36 USB_HOST/Target/usbh_conf.o
                0x000000000800b454                USBH_LL_Start
 .text.USBH_LL_Stop
                0x000000000800b48a       0x36 USB_HOST/Target/usbh_conf.o
                0x000000000800b48a                USBH_LL_Stop
 .text.USBH_LL_GetSpeed
                0x000000000800b4c0       0x4a USB_HOST/Target/usbh_conf.o
                0x000000000800b4c0                USBH_LL_GetSpeed
 .text.USBH_LL_ResetPort
                0x000000000800b50a       0x36 USB_HOST/Target/usbh_conf.o
                0x000000000800b50a                USBH_LL_ResetPort
 .text.USBH_LL_GetLastXferSize
                0x000000000800b540       0x26 USB_HOST/Target/usbh_conf.o
                0x000000000800b540                USBH_LL_GetLastXferSize
 .text.USBH_LL_OpenPipe
                0x000000000800b566       0x5e USB_HOST/Target/usbh_conf.o
                0x000000000800b566                USBH_LL_OpenPipe
 .text.USBH_LL_ClosePipe
                0x000000000800b5c4       0x3e USB_HOST/Target/usbh_conf.o
                0x000000000800b5c4                USBH_LL_ClosePipe
 .text.USBH_LL_SubmitURB
                0x000000000800b602       0x62 USB_HOST/Target/usbh_conf.o
                0x000000000800b602                USBH_LL_SubmitURB
 .text.USBH_LL_GetURBState
                0x000000000800b664       0x26 USB_HOST/Target/usbh_conf.o
                0x000000000800b664                USBH_LL_GetURBState
 .text.USBH_LL_DriverVBUS
                0x000000000800b68a       0x2e USB_HOST/Target/usbh_conf.o
                0x000000000800b68a                USBH_LL_DriverVBUS
 .text.USBH_LL_SetToggle
                0x000000000800b6b8       0x60 USB_HOST/Target/usbh_conf.o
                0x000000000800b6b8                USBH_LL_SetToggle
 .text.USBH_LL_GetToggle
                0x000000000800b718       0x60 USB_HOST/Target/usbh_conf.o
                0x000000000800b718                USBH_LL_GetToggle
 .text.USBH_Delay
                0x000000000800b778       0x16 USB_HOST/Target/usbh_conf.o
                0x000000000800b778                USBH_Delay
 *fill*         0x000000000800b78e        0x2 
 .text.USBH_Get_USB_Status
                0x000000000800b790       0x58 USB_HOST/Target/usbh_conf.o
                0x000000000800b790                USBH_Get_USB_Status
 .text.MX_DriverVbusFS
                0x000000000800b7e8       0x38 USB_HOST/Target/usbh_platform.o
                0x000000000800b7e8                MX_DriverVbusFS
 .text.BootAppImage
                0x000000000800b820       0x88 C:\Users\Sachin\Documents\stm32_ide_projects\testing_addition\usb\Lib\libgrey_matter_bootloader.a(grey_matter_bootloader.o)
                0x000000000800b820                BootAppImage
 .text.__errno  0x000000000800b8a8        0xc c:/st/stm32cubeide_1.4.0/stm32cubeide/plugins/com.st.stm32cube.ide.mcu.externaltools.gnu-tools-for-stm32.7-2018-q2-update.win32_1.4.0.202007081208/tools/bin/../lib/gcc/arm-none-eabi/7.3.1/../../../../arm-none-eabi/lib/thumb/v7e-m/fpv4-sp/hard\libc_nano.a(lib_a-errno.o)
                0x000000000800b8a8                __errno
 .text.__libc_init_array
                0x000000000800b8b4       0x48 c:/st/stm32cubeide_1.4.0/stm32cubeide/plugins/com.st.stm32cube.ide.mcu.externaltools.gnu-tools-for-stm32.7-2018-q2-update.win32_1.4.0.202007081208/tools/bin/../lib/gcc/arm-none-eabi/7.3.1/../../../../arm-none-eabi/lib/thumb/v7e-m/fpv4-sp/hard\libc_nano.a(lib_a-init.o)
                0x000000000800b8b4                __libc_init_array
 .text.malloc   0x000000000800b8fc       0x10 c:/st/stm32cubeide_1.4.0/stm32cubeide/plugins/com.st.stm32cube.ide.mcu.externaltools.gnu-tools-for-stm32.7-2018-q2-update.win32_1.4.0.202007081208/tools/bin/../lib/gcc/arm-none-eabi/7.3.1/../../../../arm-none-eabi/lib/thumb/v7e-m/fpv4-sp/hard\libc_nano.a(lib_a-malloc.o)
                0x000000000800b8fc                malloc
 .text.free     0x000000000800b90c       0x10 c:/st/stm32cubeide_1.4.0/stm32cubeide/plugins/com.st.stm32cube.ide.mcu.externaltools.gnu-tools-for-stm32.7-2018-q2-update.win32_1.4.0.202007081208/tools/bin/../lib/gcc/arm-none-eabi/7.3.1/../../../../arm-none-eabi/lib/thumb/v7e-m/fpv4-sp/hard\libc_nano.a(lib_a-malloc.o)
                0x000000000800b90c                free
 .text.memcpy   0x000000000800b91c       0x16 c:/st/stm32cubeide_1.4.0/stm32cubeide/plugins/com.st.stm32cube.ide.mcu.externaltools.gnu-tools-for-stm32.7-2018-q2-update.win32_1.4.0.202007081208/tools/bin/../lib/gcc/arm-none-eabi/7.3.1/../../../../arm-none-eabi/lib/thumb/v7e-m/fpv4-sp/hard\libc_nano.a(lib_a-memcpy-stub.o)
                0x000000000800b91c                memcpy
 .text.memset   0x000000000800b932       0x10 c:/st/stm32cubeide_1.4.0/stm32cubeide/plugins/com.st.stm32cube.ide.mcu.externaltools.gnu-tools-for-stm32.7-2018-q2-update.win32_1.4.0.202007081208/tools/bin/../lib/gcc/arm-none-eabi/7.3.1/../../../../arm-none-eabi/lib/thumb/v7e-m/fpv4-sp/hard\libc_nano.a(lib_a-memset.o)
                0x000000000800b932                memset
 *fill*         0x000000000800b942        0x2 
 .text._free_r  0x000000000800b944       0x9c c:/st/stm32cubeide_1.4.0/stm32cubeide/plugins/com.st.stm32cube.ide.mcu.externaltools.gnu-tools-for-stm32.7-2018-q2-update.win32_1.4.0.202007081208/tools/bin/../lib/gcc/arm-none-eabi/7.3.1/../../../../arm-none-eabi/lib/thumb/v7e-m/fpv4-sp/hard\libc_nano.a(lib_a-nano-freer.o)
                0x000000000800b944                _free_r
 .text._malloc_r
                0x000000000800b9e0       0xb4 c:/st/stm32cubeide_1.4.0/stm32cubeide/plugins/com.st.stm32cube.ide.mcu.externaltools.gnu-tools-for-stm32.7-2018-q2-update.win32_1.4.0.202007081208/tools/bin/../lib/gcc/arm-none-eabi/7.3.1/../../../../arm-none-eabi/lib/thumb/v7e-m/fpv4-sp/hard\libc_nano.a(lib_a-nano-mallocr.o)
                0x000000000800b9e0                _malloc_r
 .text.printf   0x000000000800ba94       0x30 c:/st/stm32cubeide_1.4.0/stm32cubeide/plugins/com.st.stm32cube.ide.mcu.externaltools.gnu-tools-for-stm32.7-2018-q2-update.win32_1.4.0.202007081208/tools/bin/../lib/gcc/arm-none-eabi/7.3.1/../../../../arm-none-eabi/lib/thumb/v7e-m/fpv4-sp/hard\libc_nano.a(lib_a-printf.o)
                0x000000000800ba94                iprintf
                0x000000000800ba94                printf
 .text._puts_r  0x000000000800bac4       0xb8 c:/st/stm32cubeide_1.4.0/stm32cubeide/plugins/com.st.stm32cube.ide.mcu.externaltools.gnu-tools-for-stm32.7-2018-q2-update.win32_1.4.0.202007081208/tools/bin/../lib/gcc/arm-none-eabi/7.3.1/../../../../arm-none-eabi/lib/thumb/v7e-m/fpv4-sp/hard\libc_nano.a(lib_a-puts.o)
                0x000000000800bac4                _puts_r
 .text.puts     0x000000000800bb7c       0x10 c:/st/stm32cubeide_1.4.0/stm32cubeide/plugins/com.st.stm32cube.ide.mcu.externaltools.gnu-tools-for-stm32.7-2018-q2-update.win32_1.4.0.202007081208/tools/bin/../lib/gcc/arm-none-eabi/7.3.1/../../../../arm-none-eabi/lib/thumb/v7e-m/fpv4-sp/hard\libc_nano.a(lib_a-puts.o)
                0x000000000800bb7c                puts
 .text._sbrk_r  0x000000000800bb8c       0x20 c:/st/stm32cubeide_1.4.0/stm32cubeide/plugins/com.st.stm32cube.ide.mcu.externaltools.gnu-tools-for-stm32.7-2018-q2-update.win32_1.4.0.202007081208/tools/bin/../lib/gcc/arm-none-eabi/7.3.1/../../../../arm-none-eabi/lib/thumb/v7e-m/fpv4-sp/hard\libc_nano.a(lib_a-sbrkr.o)
                0x000000000800bb8c                _sbrk_r
 .text.__swbuf_r
                0x000000000800bbac       0xa4 c:/st/stm32cubeide_1.4.0/stm32cubeide/plugins/com.st.stm32cube.ide.mcu.externaltools.gnu-tools-for-stm32.7-2018-q2-update.win32_1.4.0.202007081208/tools/bin/../lib/gcc/arm-none-eabi/7.3.1/../../../../arm-none-eabi/lib/thumb/v7e-m/fpv4-sp/hard\libc_nano.a(lib_a-wbuf.o)
                0x000000000800bbac                __swbuf_r
 .text.__swsetup_r
                0x000000000800bc50       0xdc c:/st/stm32cubeide_1.4.0/stm32cubeide/plugins/com.st.stm32cube.ide.mcu.externaltools.gnu-tools-for-stm32.7-2018-q2-update.win32_1.4.0.202007081208/tools/bin/../lib/gcc/arm-none-eabi/7.3.1/../../../../arm-none-eabi/lib/thumb/v7e-m/fpv4-sp/hard\libc_nano.a(lib_a-wsetup.o)
                0x000000000800bc50                __swsetup_r
 .text.__sflush_r
                0x000000000800bd2c      0x10c c:/st/stm32cubeide_1.4.0/stm32cubeide/plugins/com.st.stm32cube.ide.mcu.externaltools.gnu-tools-for-stm32.7-2018-q2-update.win32_1.4.0.202007081208/tools/bin/../lib/gcc/arm-none-eabi/7.3.1/../../../../arm-none-eabi/lib/thumb/v7e-m/fpv4-sp/hard\libc_nano.a(lib_a-fflush.o)
                0x000000000800bd2c                __sflush_r
 .text._fflush_r
                0x000000000800be38       0x54 c:/st/stm32cubeide_1.4.0/stm32cubeide/plugins/com.st.stm32cube.ide.mcu.externaltools.gnu-tools-for-stm32.7-2018-q2-update.win32_1.4.0.202007081208/tools/bin/../lib/gcc/arm-none-eabi/7.3.1/../../../../arm-none-eabi/lib/thumb/v7e-m/fpv4-sp/hard\libc_nano.a(lib_a-fflush.o)
                0x000000000800be38                _fflush_r
 .text.std      0x000000000800be8c       0x48 c:/st/stm32cubeide_1.4.0/stm32cubeide/plugins/com.st.stm32cube.ide.mcu.externaltools.gnu-tools-for-stm32.7-2018-q2-update.win32_1.4.0.202007081208/tools/bin/../lib/gcc/arm-none-eabi/7.3.1/../../../../arm-none-eabi/lib/thumb/v7e-m/fpv4-sp/hard\libc_nano.a(lib_a-findfp.o)
 .text._cleanup_r
                0x000000000800bed4        0xc c:/st/stm32cubeide_1.4.0/stm32cubeide/plugins/com.st.stm32cube.ide.mcu.externaltools.gnu-tools-for-stm32.7-2018-q2-update.win32_1.4.0.202007081208/tools/bin/../lib/gcc/arm-none-eabi/7.3.1/../../../../arm-none-eabi/lib/thumb/v7e-m/fpv4-sp/hard\libc_nano.a(lib_a-findfp.o)
                0x000000000800bed4                _cleanup_r
 .text.__sfmoreglue
                0x000000000800bee0       0x2c c:/st/stm32cubeide_1.4.0/stm32cubeide/plugins/com.st.stm32cube.ide.mcu.externaltools.gnu-tools-for-stm32.7-2018-q2-update.win32_1.4.0.202007081208/tools/bin/../lib/gcc/arm-none-eabi/7.3.1/../../../../arm-none-eabi/lib/thumb/v7e-m/fpv4-sp/hard\libc_nano.a(lib_a-findfp.o)
                0x000000000800bee0                __sfmoreglue
 .text.__sinit  0x000000000800bf0c       0x60 c:/st/stm32cubeide_1.4.0/stm32cubeide/plugins/com.st.stm32cube.ide.mcu.externaltools.gnu-tools-for-stm32.7-2018-q2-update.win32_1.4.0.202007081208/tools/bin/../lib/gcc/arm-none-eabi/7.3.1/../../../../arm-none-eabi/lib/thumb/v7e-m/fpv4-sp/hard\libc_nano.a(lib_a-findfp.o)
                0x000000000800bf0c                __sinit
 .text.__sfp    0x000000000800bf6c       0x78 c:/st/stm32cubeide_1.4.0/stm32cubeide/plugins/com.st.stm32cube.ide.mcu.externaltools.gnu-tools-for-stm32.7-2018-q2-update.win32_1.4.0.202007081208/tools/bin/../lib/gcc/arm-none-eabi/7.3.1/../../../../arm-none-eabi/lib/thumb/v7e-m/fpv4-sp/hard\libc_nano.a(lib_a-findfp.o)
                0x000000000800bf6c                __sfp
 .text._fwalk_reent
                0x000000000800bfe4       0x3c c:/st/stm32cubeide_1.4.0/stm32cubeide/plugins/com.st.stm32cube.ide.mcu.externaltools.gnu-tools-for-stm32.7-2018-q2-update.win32_1.4.0.202007081208/tools/bin/../lib/gcc/arm-none-eabi/7.3.1/../../../../arm-none-eabi/lib/thumb/v7e-m/fpv4-sp/hard\libc_nano.a(lib_a-fwalk.o)
                0x000000000800bfe4                _fwalk_reent
 .text.__swhatbuf_r
                0x000000000800c020       0x48 c:/st/stm32cubeide_1.4.0/stm32cubeide/plugins/com.st.stm32cube.ide.mcu.externaltools.gnu-tools-for-stm32.7-2018-q2-update.win32_1.4.0.202007081208/tools/bin/../lib/gcc/arm-none-eabi/7.3.1/../../../../arm-none-eabi/lib/thumb/v7e-m/fpv4-sp/hard\libc_nano.a(lib_a-makebuf.o)
                0x000000000800c020                __swhatbuf_r
 .text.__smakebuf_r
                0x000000000800c068       0x80 c:/st/stm32cubeide_1.4.0/stm32cubeide/plugins/com.st.stm32cube.ide.mcu.externaltools.gnu-tools-for-stm32.7-2018-q2-update.win32_1.4.0.202007081208/tools/bin/../lib/gcc/arm-none-eabi/7.3.1/../../../../arm-none-eabi/lib/thumb/v7e-m/fpv4-sp/hard\libc_nano.a(lib_a-makebuf.o)
                0x000000000800c068                __smakebuf_r
 .text.__malloc_lock
                0x000000000800c0e8        0x2 c:/st/stm32cubeide_1.4.0/stm32cubeide/plugins/com.st.stm32cube.ide.mcu.externaltools.gnu-tools-for-stm32.7-2018-q2-update.win32_1.4.0.202007081208/tools/bin/../lib/gcc/arm-none-eabi/7.3.1/../../../../arm-none-eabi/lib/thumb/v7e-m/fpv4-sp/hard\libc_nano.a(lib_a-mlock.o)
                0x000000000800c0e8                __malloc_lock
 .text.__malloc_unlock
                0x000000000800c0ea        0x2 c:/st/stm32cubeide_1.4.0/stm32cubeide/plugins/com.st.stm32cube.ide.mcu.externaltools.gnu-tools-for-stm32.7-2018-q2-update.win32_1.4.0.202007081208/tools/bin/../lib/gcc/arm-none-eabi/7.3.1/../../../../arm-none-eabi/lib/thumb/v7e-m/fpv4-sp/hard\libc_nano.a(lib_a-mlock.o)
                0x000000000800c0ea                __malloc_unlock
 .text.__sfputc_r
                0x000000000800c0ec       0x2e c:/st/stm32cubeide_1.4.0/stm32cubeide/plugins/com.st.stm32cube.ide.mcu.externaltools.gnu-tools-for-stm32.7-2018-q2-update.win32_1.4.0.202007081208/tools/bin/../lib/gcc/arm-none-eabi/7.3.1/../../../../arm-none-eabi/lib/thumb/v7e-m/fpv4-sp/hard\libc_nano.a(lib_a-nano-vfprintf.o)
 .text.__sfputs_r
                0x000000000800c11a       0x24 c:/st/stm32cubeide_1.4.0/stm32cubeide/plugins/com.st.stm32cube.ide.mcu.externaltools.gnu-tools-for-stm32.7-2018-q2-update.win32_1.4.0.202007081208/tools/bin/../lib/gcc/arm-none-eabi/7.3.1/../../../../arm-none-eabi/lib/thumb/v7e-m/fpv4-sp/hard\libc_nano.a(lib_a-nano-vfprintf.o)
                0x000000000800c11a                __sfputs_r
 *fill*         0x000000000800c13e        0x2 
 .text._vfprintf_r
                0x000000000800c140      0x22c c:/st/stm32cubeide_1.4.0/stm32cubeide/plugins/com.st.stm32cube.ide.mcu.externaltools.gnu-tools-for-stm32.7-2018-q2-update.win32_1.4.0.202007081208/tools/bin/../lib/gcc/arm-none-eabi/7.3.1/../../../../arm-none-eabi/lib/thumb/v7e-m/fpv4-sp/hard\libc_nano.a(lib_a-nano-vfprintf.o)
                0x000000000800c140                _vfprintf_r
                0x000000000800c140                _vfiprintf_r
 .text._printf_common
                0x000000000800c36c       0xea c:/st/stm32cubeide_1.4.0/stm32cubeide/plugins/com.st.stm32cube.ide.mcu.externaltools.gnu-tools-for-stm32.7-2018-q2-update.win32_1.4.0.202007081208/tools/bin/../lib/gcc/arm-none-eabi/7.3.1/../../../../arm-none-eabi/lib/thumb/v7e-m/fpv4-sp/hard\libc_nano.a(lib_a-nano-vfprintf_i.o)
                0x000000000800c36c                _printf_common
 *fill*         0x000000000800c456        0x2 
 .text._printf_i
                0x000000000800c458      0x224 c:/st/stm32cubeide_1.4.0/stm32cubeide/plugins/com.st.stm32cube.ide.mcu.externaltools.gnu-tools-for-stm32.7-2018-q2-update.win32_1.4.0.202007081208/tools/bin/../lib/gcc/arm-none-eabi/7.3.1/../../../../arm-none-eabi/lib/thumb/v7e-m/fpv4-sp/hard\libc_nano.a(lib_a-nano-vfprintf_i.o)
                0x000000000800c458                _printf_i
 .text.__sread  0x000000000800c67c       0x22 c:/st/stm32cubeide_1.4.0/stm32cubeide/plugins/com.st.stm32cube.ide.mcu.externaltools.gnu-tools-for-stm32.7-2018-q2-update.win32_1.4.0.202007081208/tools/bin/../lib/gcc/arm-none-eabi/7.3.1/../../../../arm-none-eabi/lib/thumb/v7e-m/fpv4-sp/hard\libc_nano.a(lib_a-stdio.o)
                0x000000000800c67c                __sread
 .text.__swrite
                0x000000000800c69e       0x38 c:/st/stm32cubeide_1.4.0/stm32cubeide/plugins/com.st.stm32cube.ide.mcu.externaltools.gnu-tools-for-stm32.7-2018-q2-update.win32_1.4.0.202007081208/tools/bin/../lib/gcc/arm-none-eabi/7.3.1/../../../../arm-none-eabi/lib/thumb/v7e-m/fpv4-sp/hard\libc_nano.a(lib_a-stdio.o)
                0x000000000800c69e                __swrite
 .text.__sseek  0x000000000800c6d6       0x24 c:/st/stm32cubeide_1.4.0/stm32cubeide/plugins/com.st.stm32cube.ide.mcu.externaltools.gnu-tools-for-stm32.7-2018-q2-update.win32_1.4.0.202007081208/tools/bin/../lib/gcc/arm-none-eabi/7.3.1/../../../../arm-none-eabi/lib/thumb/v7e-m/fpv4-sp/hard\libc_nano.a(lib_a-stdio.o)
                0x000000000800c6d6                __sseek
 .text.__sclose
                0x000000000800c6fa        0x8 c:/st/stm32cubeide_1.4.0/stm32cubeide/plugins/com.st.stm32cube.ide.mcu.externaltools.gnu-tools-for-stm32.7-2018-q2-update.win32_1.4.0.202007081208/tools/bin/../lib/gcc/arm-none-eabi/7.3.1/../../../../arm-none-eabi/lib/thumb/v7e-m/fpv4-sp/hard\libc_nano.a(lib_a-stdio.o)
                0x000000000800c6fa                __sclose
 *fill*         0x000000000800c702        0x2 
 .text._write_r
                0x000000000800c704       0x24 c:/st/stm32cubeide_1.4.0/stm32cubeide/plugins/com.st.stm32cube.ide.mcu.externaltools.gnu-tools-for-stm32.7-2018-q2-update.win32_1.4.0.202007081208/tools/bin/../lib/gcc/arm-none-eabi/7.3.1/../../../../arm-none-eabi/lib/thumb/v7e-m/fpv4-sp/hard\libc_nano.a(lib_a-writer.o)
                0x000000000800c704                _write_r
 .text._close_r
                0x000000000800c728       0x20 c:/st/stm32cubeide_1.4.0/stm32cubeide/plugins/com.st.stm32cube.ide.mcu.externaltools.gnu-tools-for-stm32.7-2018-q2-update.win32_1.4.0.202007081208/tools/bin/../lib/gcc/arm-none-eabi/7.3.1/../../../../arm-none-eabi/lib/thumb/v7e-m/fpv4-sp/hard\libc_nano.a(lib_a-closer.o)
                0x000000000800c728                _close_r
 .text._fstat_r
                0x000000000800c748       0x24 c:/st/stm32cubeide_1.4.0/stm32cubeide/plugins/com.st.stm32cube.ide.mcu.externaltools.gnu-tools-for-stm32.7-2018-q2-update.win32_1.4.0.202007081208/tools/bin/../lib/gcc/arm-none-eabi/7.3.1/../../../../arm-none-eabi/lib/thumb/v7e-m/fpv4-sp/hard\libc_nano.a(lib_a-fstatr.o)
                0x000000000800c748                _fstat_r
 .text._isatty_r
                0x000000000800c76c       0x20 c:/st/stm32cubeide_1.4.0/stm32cubeide/plugins/com.st.stm32cube.ide.mcu.externaltools.gnu-tools-for-stm32.7-2018-q2-update.win32_1.4.0.202007081208/tools/bin/../lib/gcc/arm-none-eabi/7.3.1/../../../../arm-none-eabi/lib/thumb/v7e-m/fpv4-sp/hard\libc_nano.a(lib_a-isattyr.o)
                0x000000000800c76c                _isatty_r
 .text._lseek_r
                0x000000000800c78c       0x24 c:/st/stm32cubeide_1.4.0/stm32cubeide/plugins/com.st.stm32cube.ide.mcu.externaltools.gnu-tools-for-stm32.7-2018-q2-update.win32_1.4.0.202007081208/tools/bin/../lib/gcc/arm-none-eabi/7.3.1/../../../../arm-none-eabi/lib/thumb/v7e-m/fpv4-sp/hard\libc_nano.a(lib_a-lseekr.o)
                0x000000000800c78c                _lseek_r
 .text._read_r  0x000000000800c7b0       0x24 c:/st/stm32cubeide_1.4.0/stm32cubeide/plugins/com.st.stm32cube.ide.mcu.externaltools.gnu-tools-for-stm32.7-2018-q2-update.win32_1.4.0.202007081208/tools/bin/../lib/gcc/arm-none-eabi/7.3.1/../../../../arm-none-eabi/lib/thumb/v7e-m/fpv4-sp/hard\libc_nano.a(lib_a-readr.o)
                0x000000000800c7b0                _read_r
 *(.glue_7)
 .glue_7        0x000000000800c7d4        0x0 linker stubs
 *(.glue_7t)
 .glue_7t       0x000000000800c7d4        0x0 linker stubs
 *(.eh_frame)
 .eh_frame      0x000000000800c7d4        0x0 c:/st/stm32cubeide_1.4.0/stm32cubeide/plugins/com.st.stm32cube.ide.mcu.externaltools.gnu-tools-for-stm32.7-2018-q2-update.win32_1.4.0.202007081208/tools/bin/../lib/gcc/arm-none-eabi/7.3.1/thumb/v7e-m/fpv4-sp/hard/crtbegin.o
 *(.init)
 .init          0x000000000800c7d4        0x4 c:/st/stm32cubeide_1.4.0/stm32cubeide/plugins/com.st.stm32cube.ide.mcu.externaltools.gnu-tools-for-stm32.7-2018-q2-update.win32_1.4.0.202007081208/tools/bin/../lib/gcc/arm-none-eabi/7.3.1/thumb/v7e-m/fpv4-sp/hard/crti.o
                0x000000000800c7d4                _init
 .init          0x000000000800c7d8        0x8 c:/st/stm32cubeide_1.4.0/stm32cubeide/plugins/com.st.stm32cube.ide.mcu.externaltools.gnu-tools-for-stm32.7-2018-q2-update.win32_1.4.0.202007081208/tools/bin/../lib/gcc/arm-none-eabi/7.3.1/thumb/v7e-m/fpv4-sp/hard/crtn.o
 *(.fini)
 .fini          0x000000000800c7e0        0x4 c:/st/stm32cubeide_1.4.0/stm32cubeide/plugins/com.st.stm32cube.ide.mcu.externaltools.gnu-tools-for-stm32.7-2018-q2-update.win32_1.4.0.202007081208/tools/bin/../lib/gcc/arm-none-eabi/7.3.1/thumb/v7e-m/fpv4-sp/hard/crti.o
                0x000000000800c7e0                _fini
 .fini          0x000000000800c7e4        0x8 c:/st/stm32cubeide_1.4.0/stm32cubeide/plugins/com.st.stm32cube.ide.mcu.externaltools.gnu-tools-for-stm32.7-2018-q2-update.win32_1.4.0.202007081208/tools/bin/../lib/gcc/arm-none-eabi/7.3.1/thumb/v7e-m/fpv4-sp/hard/crtn.o
                0x000000000800c7ec                . = ALIGN (0x4)
                0x000000000800c7ec                _etext = .

.vfp11_veneer   0x000000000800c7ec        0x0
 .vfp11_veneer  0x000000000800c7ec        0x0 linker stubs

.v4_bx          0x000000000800c7ec        0x0
 .v4_bx         0x000000000800c7ec        0x0 linker stubs

.iplt           0x000000000800c7ec        0x0
 .iplt          0x000000000800c7ec        0x0 c:/st/stm32cubeide_1.4.0/stm32cubeide/plugins/com.st.stm32cube.ide.mcu.externaltools.gnu-tools-for-stm32.7-2018-q2-update.win32_1.4.0.202007081208/tools/bin/../lib/gcc/arm-none-eabi/7.3.1/thumb/v7e-m/fpv4-sp/hard/crtbegin.o

.rodata         0x000000000800c7ec      0x2f4
                0x000000000800c7ec                . = ALIGN (0x4)
 *(.rodata)
 .rodata        0x000000000800c7ec       0x8d Core/Src/commands.o
 *fill*         0x000000000800c879        0x3 
 .rodata        0x000000000800c87c       0x13 Core/Src/flash_if.o
 *fill*         0x000000000800c88f        0x1 
 .rodata        0x000000000800c890       0xc3 Core/Src/main.o
 *fill*         0x000000000800c953        0x1 
 .rodata        0x000000000800c954        0x4 Middlewares/ST/STM32_USB_Host_Library/Class/MSC/Src/usbh_msc.o
 .rodata        0x000000000800c958       0x44 Middlewares/Third_Party/FatFs/src/ff.o
 *(.rodata*)
 .rodata.AHBPrescTable
                0x000000000800c99c       0x10 Core/Src/system_stm32f7xx.o
                0x000000000800c99c                AHBPrescTable
 .rodata.APBPrescTable
                0x000000000800c9ac        0x8 Core/Src/system_stm32f7xx.o
                0x000000000800c9ac                APBPrescTable
 .rodata.USBH_Driver
                0x000000000800c9b4       0x14 FATFS/Target/usbh_diskio.o
                0x000000000800c9b4                USBH_Driver
 .rodata.ExCvt  0x000000000800c9c8       0x80 Middlewares/Third_Party/FatFs/src/ff.o
 .rodata._global_impure_ptr
                0x000000000800ca48        0x4 c:/st/stm32cubeide_1.4.0/stm32cubeide/plugins/com.st.stm32cube.ide.mcu.externaltools.gnu-tools-for-stm32.7-2018-q2-update.win32_1.4.0.202007081208/tools/bin/../lib/gcc/arm-none-eabi/7.3.1/../../../../arm-none-eabi/lib/thumb/v7e-m/fpv4-sp/hard\libc_nano.a(lib_a-impure.o)
                0x000000000800ca48                _global_impure_ptr
 .rodata.__sf_fake_stderr
                0x000000000800ca4c       0x20 c:/st/stm32cubeide_1.4.0/stm32cubeide/plugins/com.st.stm32cube.ide.mcu.externaltools.gnu-tools-for-stm32.7-2018-q2-update.win32_1.4.0.202007081208/tools/bin/../lib/gcc/arm-none-eabi/7.3.1/../../../../arm-none-eabi/lib/thumb/v7e-m/fpv4-sp/hard\libc_nano.a(lib_a-findfp.o)
                0x000000000800ca4c                __sf_fake_stderr
 .rodata.__sf_fake_stdin
                0x000000000800ca6c       0x20 c:/st/stm32cubeide_1.4.0/stm32cubeide/plugins/com.st.stm32cube.ide.mcu.externaltools.gnu-tools-for-stm32.7-2018-q2-update.win32_1.4.0.202007081208/tools/bin/../lib/gcc/arm-none-eabi/7.3.1/../../../../arm-none-eabi/lib/thumb/v7e-m/fpv4-sp/hard\libc_nano.a(lib_a-findfp.o)
                0x000000000800ca6c                __sf_fake_stdin
 .rodata.__sf_fake_stdout
                0x000000000800ca8c       0x20 c:/st/stm32cubeide_1.4.0/stm32cubeide/plugins/com.st.stm32cube.ide.mcu.externaltools.gnu-tools-for-stm32.7-2018-q2-update.win32_1.4.0.202007081208/tools/bin/../lib/gcc/arm-none-eabi/7.3.1/../../../../arm-none-eabi/lib/thumb/v7e-m/fpv4-sp/hard\libc_nano.a(lib_a-findfp.o)
                0x000000000800ca8c                __sf_fake_stdout
 .rodata._vfprintf_r.str1.1
                0x000000000800caac       0x11 c:/st/stm32cubeide_1.4.0/stm32cubeide/plugins/com.st.stm32cube.ide.mcu.externaltools.gnu-tools-for-stm32.7-2018-q2-update.win32_1.4.0.202007081208/tools/bin/../lib/gcc/arm-none-eabi/7.3.1/../../../../arm-none-eabi/lib/thumb/v7e-m/fpv4-sp/hard\libc_nano.a(lib_a-nano-vfprintf.o)
 .rodata._printf_i.str1.1
                0x000000000800cabd       0x22 c:/st/stm32cubeide_1.4.0/stm32cubeide/plugins/com.st.stm32cube.ide.mcu.externaltools.gnu-tools-for-stm32.7-2018-q2-update.win32_1.4.0.202007081208/tools/bin/../lib/gcc/arm-none-eabi/7.3.1/../../../../arm-none-eabi/lib/thumb/v7e-m/fpv4-sp/hard\libc_nano.a(lib_a-nano-vfprintf_i.o)
                0x000000000800cae0                . = ALIGN (0x4)
 *fill*         0x000000000800cadf        0x1 

.ARM.extab      0x000000000800cae0        0x0
                0x000000000800cae0                . = ALIGN (0x4)
 *(.ARM.extab* .gnu.linkonce.armextab.*)
                0x000000000800cae0                . = ALIGN (0x4)

.ARM            0x000000000800cae0        0x8
                0x000000000800cae0                . = ALIGN (0x4)
                0x000000000800cae0                __exidx_start = .
 *(.ARM.exidx*)
 .ARM.exidx     0x000000000800cae0        0x8 c:/st/stm32cubeide_1.4.0/stm32cubeide/plugins/com.st.stm32cube.ide.mcu.externaltools.gnu-tools-for-stm32.7-2018-q2-update.win32_1.4.0.202007081208/tools/bin/../lib/gcc/arm-none-eabi/7.3.1/thumb/v7e-m/fpv4-sp/hard\libgcc.a(_udivmoddi4.o)
                0x000000000800cae8                __exidx_end = .
                0x000000000800cae8                . = ALIGN (0x4)

.rel.dyn        0x000000000800cae8        0x0
 .rel.iplt      0x000000000800cae8        0x0 c:/st/stm32cubeide_1.4.0/stm32cubeide/plugins/com.st.stm32cube.ide.mcu.externaltools.gnu-tools-for-stm32.7-2018-q2-update.win32_1.4.0.202007081208/tools/bin/../lib/gcc/arm-none-eabi/7.3.1/thumb/v7e-m/fpv4-sp/hard/crtbegin.o

.preinit_array  0x000000000800cae8        0x0
                0x000000000800cae8                . = ALIGN (0x4)
                0x000000000800cae8                PROVIDE (__preinit_array_start = .)
 *(.preinit_array*)
                0x000000000800cae8                PROVIDE (__preinit_array_end = .)
                0x000000000800cae8                . = ALIGN (0x4)

.init_array     0x000000000800cae8        0x4
                0x000000000800cae8                . = ALIGN (0x4)
                0x000000000800cae8                PROVIDE (__init_array_start = .)
 *(SORT_BY_NAME(.init_array.*))
 *(.init_array*)
 .init_array    0x000000000800cae8        0x4 c:/st/stm32cubeide_1.4.0/stm32cubeide/plugins/com.st.stm32cube.ide.mcu.externaltools.gnu-tools-for-stm32.7-2018-q2-update.win32_1.4.0.202007081208/tools/bin/../lib/gcc/arm-none-eabi/7.3.1/thumb/v7e-m/fpv4-sp/hard/crtbegin.o
                0x000000000800caec                PROVIDE (__init_array_end = .)
                0x000000000800caec                . = ALIGN (0x4)

.fini_array     0x000000000800caec        0x4
                0x000000000800caec                . = ALIGN (0x4)
                [!provide]                        PROVIDE (__fini_array_start = .)
 *(SORT_BY_NAME(.fini_array.*))
 *(.fini_array*)
 .fini_array    0x000000000800caec        0x4 c:/st/stm32cubeide_1.4.0/stm32cubeide/plugins/com.st.stm32cube.ide.mcu.externaltools.gnu-tools-for-stm32.7-2018-q2-update.win32_1.4.0.202007081208/tools/bin/../lib/gcc/arm-none-eabi/7.3.1/thumb/v7e-m/fpv4-sp/hard/crtbegin.o
                [!provide]                        PROVIDE (__fini_array_end = .)
                0x000000000800caf0                . = ALIGN (0x4)
                0x000000000800caf0                _sidata = LOADADDR (.data)

.data           0x0000000020000000       0x90 load address 0x000000000800caf0
                0x0000000020000000                . = ALIGN (0x4)
                0x0000000020000000                _sdata = .
 *(.data)
 *(.data*)
 .data.SystemCoreClock
                0x0000000020000000        0x4 Core/Src/system_stm32f7xx.o
                0x0000000020000000                SystemCoreClock
 .data.uwTickPrio
                0x0000000020000004        0x4 Drivers/STM32F7xx_HAL_Driver/Src/stm32f7xx_hal.o
                0x0000000020000004                uwTickPrio
 .data.uwTickFreq
                0x0000000020000008        0x1 Drivers/STM32F7xx_HAL_Driver/Src/stm32f7xx_hal.o
                0x0000000020000008                uwTickFreq
 *fill*         0x0000000020000009        0x3 
 .data.USBH_msc
                0x000000002000000c       0x20 Middlewares/ST/STM32_USB_Host_Library/Class/MSC/Src/usbh_msc.o
                0x000000002000000c                USBH_msc
 .data._impure_ptr
                0x000000002000002c        0x4 c:/st/stm32cubeide_1.4.0/stm32cubeide/plugins/com.st.stm32cube.ide.mcu.externaltools.gnu-tools-for-stm32.7-2018-q2-update.win32_1.4.0.202007081208/tools/bin/../lib/gcc/arm-none-eabi/7.3.1/../../../../arm-none-eabi/lib/thumb/v7e-m/fpv4-sp/hard\libc_nano.a(lib_a-impure.o)
                0x000000002000002c                _impure_ptr
 .data.impure_data
                0x0000000020000030       0x60 c:/st/stm32cubeide_1.4.0/stm32cubeide/plugins/com.st.stm32cube.ide.mcu.externaltools.gnu-tools-for-stm32.7-2018-q2-update.win32_1.4.0.202007081208/tools/bin/../lib/gcc/arm-none-eabi/7.3.1/../../../../arm-none-eabi/lib/thumb/v7e-m/fpv4-sp/hard\libc_nano.a(lib_a-impure.o)
                0x0000000020000090                . = ALIGN (0x4)
                0x0000000020000090                _edata = .

.igot.plt       0x0000000020000090        0x0 load address 0x000000000800cb80
 .igot.plt      0x0000000020000090        0x0 c:/st/stm32cubeide_1.4.0/stm32cubeide/plugins/com.st.stm32cube.ide.mcu.externaltools.gnu-tools-for-stm32.7-2018-q2-update.win32_1.4.0.202007081208/tools/bin/../lib/gcc/arm-none-eabi/7.3.1/thumb/v7e-m/fpv4-sp/hard/crtbegin.o
                0x0000000020000090                . = ALIGN (0x4)

.bss            0x0000000020000090    0x112f4 load address 0x000000000800cb80
                0x0000000020000090                _sbss = .
                0x0000000020000090                __bss_start__ = _sbss
 *(.bss)
 .bss           0x0000000020000090       0x1c c:/st/stm32cubeide_1.4.0/stm32cubeide/plugins/com.st.stm32cube.ide.mcu.externaltools.gnu-tools-for-stm32.7-2018-q2-update.win32_1.4.0.202007081208/tools/bin/../lib/gcc/arm-none-eabi/7.3.1/thumb/v7e-m/fpv4-sp/hard/crtbegin.o
 *(.bss*)
 .bss.RAM_Buf   0x00000000200000ac    0x10000 Core/Src/commands.o
 .bss.detetcted_flag
                0x00000000200100ac        0x1 Core/Src/commands.o
 *fill*         0x00000000200100ad        0x3 
 .bss.__sbrk_heap_end
                0x00000000200100b0        0x4 Core/Src/sysmem.o
 .bss.FatFs     0x00000000200100b4        0x4 Middlewares/Third_Party/FatFs/src/ff.o
 .bss.Fsid      0x00000000200100b8        0x2 Middlewares/Third_Party/FatFs/src/ff.o
 *fill*         0x00000000200100ba        0x2 
 .bss.Files     0x00000000200100bc       0x20 Middlewares/Third_Party/FatFs/src/ff.o
 .bss.disk      0x00000000200100dc        0xc Middlewares/Third_Party/FatFs/src/ff_gen_drv.o
                0x00000000200100dc                disk
 .bss.Appli_state
                0x00000000200100e8        0x1 USB_HOST/App/usb_host.o
                0x00000000200100e8                Appli_state
 *fill*         0x00000000200100e9        0x3 
 .bss.__malloc_free_list
                0x00000000200100ec        0x4 c:/st/stm32cubeide_1.4.0/stm32cubeide/plugins/com.st.stm32cube.ide.mcu.externaltools.gnu-tools-for-stm32.7-2018-q2-update.win32_1.4.0.202007081208/tools/bin/../lib/gcc/arm-none-eabi/7.3.1/../../../../arm-none-eabi/lib/thumb/v7e-m/fpv4-sp/hard\libc_nano.a(lib_a-nano-mallocr.o)
                0x00000000200100ec                __malloc_free_list
 .bss.__malloc_sbrk_start
                0x00000000200100f0        0x4 c:/st/stm32cubeide_1.4.0/stm32cubeide/plugins/com.st.stm32cube.ide.mcu.externaltools.gnu-tools-for-stm32.7-2018-q2-update.win32_1.4.0.202007081208/tools/bin/../lib/gcc/arm-none-eabi/7.3.1/../../../../arm-none-eabi/lib/thumb/v7e-m/fpv4-sp/hard\libc_nano.a(lib_a-nano-mallocr.o)
                0x00000000200100f0                __malloc_sbrk_start
 *(COMMON)
 COMMON         0x00000000200100f4      0x699 Core/Src/commands.o
                0x00000000200100f4                fileR
                0x0000000020010324                myFile
                0x0000000020010554                byteswritten
                0x0000000020010558                bytesread
                0x000000002001055c                myUsbFatFS
                0x000000002001078c                res
 *fill*         0x000000002001078d        0x3 
 COMMON         0x0000000020010790       0x84 Core/Src/main.o
                0x0000000020010790                huart4
 COMMON         0x0000000020010814        0x2 Core/Src/stm32f7xx_it.o
                0x0000000020010814                overflow
 *fill*         0x0000000020010816        0x2 
 COMMON         0x0000000020010818        0x4 Drivers/STM32F7xx_HAL_Driver/Src/stm32f7xx_hal.o
                0x0000000020010818                uwTick
 COMMON         0x000000002001081c       0x1c Drivers/STM32F7xx_HAL_Driver/Src/stm32f7xx_hal_flash.o
                0x000000002001081c                pFlash
 COMMON         0x0000000020010838      0x469 FATFS/App/fatfs.o
                0x0000000020010838                USBHPath
                0x000000002001083c                USBHFile
                0x0000000020010a6c                USBHFatFS
                0x0000000020010c9c                USBH_Path
                0x0000000020010ca0                retUSBH
 *fill*         0x0000000020010ca1        0x3 
 COMMON         0x0000000020010ca4      0x3d8 USB_HOST/App/usb_host.o
                0x0000000020010ca4                hUsbHostFS
 COMMON         0x000000002001107c      0x304 USB_HOST/Target/usbh_conf.o
                0x000000002001107c                hhcd_USB_OTG_FS
 COMMON         0x0000000020011380        0x4 c:/st/stm32cubeide_1.4.0/stm32cubeide/plugins/com.st.stm32cube.ide.mcu.externaltools.gnu-tools-for-stm32.7-2018-q2-update.win32_1.4.0.202007081208/tools/bin/../lib/gcc/arm-none-eabi/7.3.1/../../../../arm-none-eabi/lib/thumb/v7e-m/fpv4-sp/hard\libc_nano.a(lib_a-reent.o)
                0x0000000020011380                errno
                0x0000000020011384                . = ALIGN (0x4)
                0x0000000020011384                _ebss = .
                0x0000000020011384                __bss_end__ = _ebss

._user_heap_stack
                0x0000000020011384      0x604 load address 0x000000000800cb80
                0x0000000020011388                . = ALIGN (0x8)
 *fill*         0x0000000020011384        0x4 
                [!provide]                        PROVIDE (end = .)
                0x0000000020011388                PROVIDE (_end = .)
                0x0000000020011588                . = (. + _Min_Heap_Size)
 *fill*         0x0000000020011388      0x200 
                0x0000000020011988                . = (. + _Min_Stack_Size)
 *fill*         0x0000000020011588      0x400 
                0x0000000020011988                . = ALIGN (0x8)

/DISCARD/
 libc.a(*)
 libm.a(*)
 libgcc.a(*)

.ARM.attributes
                0x0000000000000000       0x30
 *(.ARM.attributes)
 .ARM.attributes
                0x0000000000000000       0x22 c:/st/stm32cubeide_1.4.0/stm32cubeide/plugins/com.st.stm32cube.ide.mcu.externaltools.gnu-tools-for-stm32.7-2018-q2-update.win32_1.4.0.202007081208/tools/bin/../lib/gcc/arm-none-eabi/7.3.1/thumb/v7e-m/fpv4-sp/hard/crti.o
 .ARM.attributes
                0x0000000000000022       0x34 c:/st/stm32cubeide_1.4.0/stm32cubeide/plugins/com.st.stm32cube.ide.mcu.externaltools.gnu-tools-for-stm32.7-2018-q2-update.win32_1.4.0.202007081208/tools/bin/../lib/gcc/arm-none-eabi/7.3.1/thumb/v7e-m/fpv4-sp/hard/crtbegin.o
 .ARM.attributes
                0x0000000000000056       0x39 Core/Src/commands.o
 .ARM.attributes
                0x000000000000008f       0x39 Core/Src/flash_if.o
 .ARM.attributes
                0x00000000000000c8       0x39 Core/Src/main.o
 .ARM.attributes
                0x0000000000000101       0x39 Core/Src/stm32f7xx_hal_msp.o
 .ARM.attributes
                0x000000000000013a       0x39 Core/Src/stm32f7xx_it.o
 .ARM.attributes
                0x0000000000000173       0x39 Core/Src/syscalls.o
 .ARM.attributes
                0x00000000000001ac       0x39 Core/Src/sysmem.o
 .ARM.attributes
                0x00000000000001e5       0x39 Core/Src/system_stm32f7xx.o
 .ARM.attributes
                0x000000000000021e       0x21 Core/Startup/startup_stm32f732vetx.o
 .ARM.attributes
                0x000000000000023f       0x39 Drivers/STM32F7xx_HAL_Driver/Src/stm32f7xx_hal.o
 .ARM.attributes
                0x0000000000000278       0x39 Drivers/STM32F7xx_HAL_Driver/Src/stm32f7xx_hal_cortex.o
 .ARM.attributes
                0x00000000000002b1       0x39 Drivers/STM32F7xx_HAL_Driver/Src/stm32f7xx_hal_flash.o
 .ARM.attributes
                0x00000000000002ea       0x39 Drivers/STM32F7xx_HAL_Driver/Src/stm32f7xx_hal_flash_ex.o
 .ARM.attributes
                0x0000000000000323       0x39 Drivers/STM32F7xx_HAL_Driver/Src/stm32f7xx_hal_gpio.o
 .ARM.attributes
                0x000000000000035c       0x39 Drivers/STM32F7xx_HAL_Driver/Src/stm32f7xx_hal_hcd.o
 .ARM.attributes
                0x0000000000000395       0x39 Drivers/STM32F7xx_HAL_Driver/Src/stm32f7xx_hal_rcc.o
 .ARM.attributes
                0x00000000000003ce       0x39 Drivers/STM32F7xx_HAL_Driver/Src/stm32f7xx_hal_rcc_ex.o
 .ARM.attributes
                0x0000000000000407       0x39 Drivers/STM32F7xx_HAL_Driver/Src/stm32f7xx_hal_uart.o
 .ARM.attributes
                0x0000000000000440       0x39 Drivers/STM32F7xx_HAL_Driver/Src/stm32f7xx_ll_usb.o
 .ARM.attributes
                0x0000000000000479       0x39 FATFS/App/fatfs.o
 .ARM.attributes
                0x00000000000004b2       0x39 FATFS/Target/usbh_diskio.o
 .ARM.attributes
                0x00000000000004eb       0x39 Middlewares/ST/STM32_USB_Host_Library/Class/MSC/Src/usbh_msc.o
 .ARM.attributes
                0x0000000000000524       0x39 Middlewares/ST/STM32_USB_Host_Library/Class/MSC/Src/usbh_msc_bot.o
 .ARM.attributes
                0x000000000000055d       0x39 Middlewares/ST/STM32_USB_Host_Library/Class/MSC/Src/usbh_msc_scsi.o
 .ARM.attributes